  Determining projects to restore...
  All projects are up-to-date for restore.
C:\Users\almamun\Documents\GitHub\New folder\SensePC.Desktop\SensePC.Desktop.WinUI\Services\SensePCApiService.cs(1629,21): error CS0246: The type or namespace name 'TeamMember' could not be found (are you missing a using directive or an assembly reference?) [C:\Users\almamun\Documents\GitHub\New folder\SensePC.Desktop\SensePC.Desktop.WinUI\SensePC.Desktop.WinUI.csproj]
C:\Users\almamun\Documents\GitHub\New folder\SensePC.Desktop\SensePC.Desktop.WinUI\Services\SensePCApiService.cs(702,32): error CS0246: The type or namespace name 'TeamMember' could not be found (are you missing a using directive or an assembly reference?) [C:\Users\almamun\Documents\GitHub\New folder\SensePC.Desktop\SensePC.Desktop.WinUI\SensePC.Desktop.WinUI.csproj]
C:\Users\almamun\Documents\GitHub\New folder\SensePC.Desktop\SensePC.Desktop.WinUI\Services\SensePCApiService.cs(732,51): error CS0246: The type or namespace name 'PCAssignment' could not be found (are you missing a using directive or an assembly reference?) [C:\Users\almamun\Documents\GitHub\New folder\SensePC.Desktop\SensePC.Desktop.WinUI\SensePC.Desktop.WinUI.csproj]
C:\Users\almamun\Documents\GitHub\New folder\SensePC.Desktop\SensePC.Desktop.WinUI\Views\UsersPage.xaml.cs(18,41): error CS0246: The type or namespace name 'PCAssignment' could not be found (are you missing a using directive or an assembly reference?) [C:\Users\almamun\Documents\GitHub\New folder\SensePC.Desktop\SensePC.Desktop.WinUI\SensePC.Desktop.WinUI.csproj]
C:\Users\almamun\.nuget\packages\microsoft.windowsappsdk\1.4.231008000\buildTransitive\Microsoft.UI.Xaml.Markup.Compiler.interop.targets(841,9): error MSB3073: The command ""C:\Users\almamun\.nuget\packages\microsoft.windowsappsdk\1.4.231008000\buildTransitive\..\tools\net5.0\..\net472\XamlCompiler.exe" "obj\x64\Debug\net8.0-windows10.0.19041.0\\input.json" "obj\x64\Debug\net8.0-windows10.0.19041.0\\output.json"" exited with code 1. [C:\Users\almamun\Documents\GitHub\New folder\SensePC.Desktop\SensePC.Desktop.WinUI\SensePC.Desktop.WinUI.csproj]

Build FAILED.

C:\Users\almamun\Documents\GitHub\New folder\SensePC.Desktop\SensePC.Desktop.WinUI\Services\SensePCApiService.cs(1629,21): error CS0246: The type or namespace name 'TeamMember' could not be found (are you missing a using directive or an assembly reference?) [C:\Users\almamun\Documents\GitHub\New folder\SensePC.Desktop\SensePC.Desktop.WinUI\SensePC.Desktop.WinUI.csproj]
C:\Users\almamun\Documents\GitHub\New folder\SensePC.Desktop\SensePC.Desktop.WinUI\Services\SensePCApiService.cs(702,32): error CS0246: The type or namespace name 'TeamMember' could not be found (are you missing a using directive or an assembly reference?) [C:\Users\almamun\Documents\GitHub\New folder\SensePC.Desktop\SensePC.Desktop.WinUI\SensePC.Desktop.WinUI.csproj]
C:\Users\almamun\Documents\GitHub\New folder\SensePC.Desktop\SensePC.Desktop.WinUI\Services\SensePCApiService.cs(732,51): error CS0246: The type or namespace name 'PCAssignment' could not be found (are you missing a using directive or an assembly reference?) [C:\Users\almamun\Documents\GitHub\New folder\SensePC.Desktop\SensePC.Desktop.WinUI\SensePC.Desktop.WinUI.csproj]
C:\Users\almamun\Documents\GitHub\New folder\SensePC.Desktop\SensePC.Desktop.WinUI\Views\UsersPage.xaml.cs(18,41): error CS0246: The type or namespace name 'PCAssignment' could not be found (are you missing a using directive or an assembly reference?) [C:\Users\almamun\Documents\GitHub\New folder\SensePC.Desktop\SensePC.Desktop.WinUI\SensePC.Desktop.WinUI.csproj]
C:\Users\almamun\.nuget\packages\microsoft.windowsappsdk\1.4.231008000\buildTransitive\Microsoft.UI.Xaml.Markup.Compiler.interop.targets(841,9): error MSB3073: The command ""C:\Users\almamun\.nuget\packages\microsoft.windowsappsdk\1.4.231008000\buildTransitive\..\tools\net5.0\..\net472\XamlCompiler.exe" "obj\x64\Debug\net8.0-windows10.0.19041.0\\input.json" "obj\x64\Debug\net8.0-windows10.0.19041.0\\output.json"" exited with code 1. [C:\Users\almamun\Documents\GitHub\New folder\SensePC.Desktop\SensePC.Desktop.WinUI\SensePC.Desktop.WinUI.csproj]
    0 Warning(s)
    5 Error(s)

Time Elapsed 00:00:05.20
