  Determining projects to restore...
  All projects are up-to-date for restore.
C:\Users\almamun\Documents\GitHub\New folder\SensePC.Desktop\SensePC.Desktop.WinUI\ViewModels\DashboardViewModel.cs(11,20): warning CS8618: Non-nullable field 'name' must contain a non-null value when exiting constructor. Consider adding the 'required' modifier or declaring the field as nullable. [C:\Users\almamun\Documents\GitHub\New folder\SensePC.Desktop\SensePC.Desktop.WinUI\SensePC.Desktop.WinUI.csproj]
C:\Users\almamun\Documents\GitHub\New folder\SensePC.Desktop\SensePC.Desktop.WinUI\ViewModels\DashboardViewModel.cs(14,20): warning CS8618: Non-nullable field 'status' must contain a non-null value when exiting constructor. Consider adding the 'required' modifier or declaring the field as nullable. [C:\Users\almamun\Documents\GitHub\New folder\SensePC.Desktop\SensePC.Desktop.WinUI\SensePC.Desktop.WinUI.csproj]
C:\Users\almamun\Documents\GitHub\New folder\SensePC.Desktop\SensePC.Desktop.WinUI\ViewModels\DashboardViewModel.cs(17,20): warning CS8618: Non-nullable field 'specs' must contain a non-null value when exiting constructor. Consider adding the 'required' modifier or declaring the field as nullable. [C:\Users\almamun\Documents\GitHub\New folder\SensePC.Desktop\SensePC.Desktop.WinUI\SensePC.Desktop.WinUI.csproj]
C:\Users\almamun\Documents\GitHub\New folder\SensePC.Desktop\SensePC.Desktop.WinUI\ViewModels\DashboardViewModel.cs(20,20): warning CS8618: Non-nullable field 'connectionUrl' must contain a non-null value when exiting constructor. Consider adding the 'required' modifier or declaring the field as nullable. [C:\Users\almamun\Documents\GitHub\New folder\SensePC.Desktop\SensePC.Desktop.WinUI\SensePC.Desktop.WinUI.csproj]
C:\Users\almamun\Documents\GitHub\New folder\SensePC.Desktop\SensePC.Desktop.WinUI\Views\Dialogs\StopConfirmationDialog.xaml.cs(24,16): warning CS8618: Non-nullable field '_loadingPanel' must contain a non-null value when exiting constructor. Consider adding the 'required' modifier or declaring the field as nullable. [C:\Users\almamun\Documents\GitHub\New folder\SensePC.Desktop\SensePC.Desktop.WinUI\SensePC.Desktop.WinUI.csproj]
C:\Users\almamun\Documents\GitHub\New folder\SensePC.Desktop\SensePC.Desktop.WinUI\Views\Dialogs\StopConfirmationDialog.xaml.cs(24,16): warning CS8618: Non-nullable field '_errorText' must contain a non-null value when exiting constructor. Consider adding the 'required' modifier or declaring the field as nullable. [C:\Users\almamun\Documents\GitHub\New folder\SensePC.Desktop\SensePC.Desktop.WinUI\SensePC.Desktop.WinUI.csproj]
C:\Users\almamun\Documents\GitHub\New folder\SensePC.Desktop\SensePC.Desktop.WinUI\Views\Dialogs\AddVolumeDialog.xaml.cs(31,16): warning CS8618: Non-nullable field '_storageSizeCombo' must contain a non-null value when exiting constructor. Consider adding the 'required' modifier or declaring the field as nullable. [C:\Users\almamun\Documents\GitHub\New folder\SensePC.Desktop\SensePC.Desktop.WinUI\SensePC.Desktop.WinUI.csproj]
C:\Users\almamun\Documents\GitHub\New folder\SensePC.Desktop\SensePC.Desktop.WinUI\Views\Dialogs\AddVolumeDialog.xaml.cs(31,16): warning CS8618: Non-nullable field '_priceEstimateText' must contain a non-null value when exiting constructor. Consider adding the 'required' modifier or declaring the field as nullable. [C:\Users\almamun\Documents\GitHub\New folder\SensePC.Desktop\SensePC.Desktop.WinUI\SensePC.Desktop.WinUI.csproj]
C:\Users\almamun\Documents\GitHub\New folder\SensePC.Desktop\SensePC.Desktop.WinUI\Views\Dialogs\AddVolumeDialog.xaml.cs(31,16): warning CS8618: Non-nullable field '_loadingPanel' must contain a non-null value when exiting constructor. Consider adding the 'required' modifier or declaring the field as nullable. [C:\Users\almamun\Documents\GitHub\New folder\SensePC.Desktop\SensePC.Desktop.WinUI\SensePC.Desktop.WinUI.csproj]
C:\Users\almamun\Documents\GitHub\New folder\SensePC.Desktop\SensePC.Desktop.WinUI\Views\Dialogs\AddVolumeDialog.xaml.cs(31,16): warning CS8618: Non-nullable field '_errorText' must contain a non-null value when exiting constructor. Consider adding the 'required' modifier or declaring the field as nullable. [C:\Users\almamun\Documents\GitHub\New folder\SensePC.Desktop\SensePC.Desktop.WinUI\SensePC.Desktop.WinUI.csproj]
C:\Users\almamun\Documents\GitHub\New folder\SensePC.Desktop\SensePC.Desktop.WinUI\App.xaml.cs(15,30): warning CS8618: Non-nullable property 'MainWindow' must contain a non-null value when exiting constructor. Consider adding the 'required' modifier or declaring the property as nullable. [C:\Users\almamun\Documents\GitHub\New folder\SensePC.Desktop\SensePC.Desktop.WinUI\SensePC.Desktop.WinUI.csproj]
C:\Users\almamun\Documents\GitHub\New folder\SensePC.Desktop\SensePC.Desktop.WinUI\Views\Dialogs\AssignUserDialog.xaml.cs(33,16): warning CS8618: Non-nullable field '_teamMembersListView' must contain a non-null value when exiting constructor. Consider adding the 'required' modifier or declaring the field as nullable. [C:\Users\almamun\Documents\GitHub\New folder\SensePC.Desktop\SensePC.Desktop.WinUI\SensePC.Desktop.WinUI.csproj]
C:\Users\almamun\Documents\GitHub\New folder\SensePC.Desktop\SensePC.Desktop.WinUI\Views\Dialogs\AssignUserDialog.xaml.cs(33,16): warning CS8618: Non-nullable field '_loadingUsersPanel' must contain a non-null value when exiting constructor. Consider adding the 'required' modifier or declaring the field as nullable. [C:\Users\almamun\Documents\GitHub\New folder\SensePC.Desktop\SensePC.Desktop.WinUI\SensePC.Desktop.WinUI.csproj]
C:\Users\almamun\Documents\GitHub\New folder\SensePC.Desktop\SensePC.Desktop.WinUI\Views\Dialogs\AssignUserDialog.xaml.cs(33,16): warning CS8618: Non-nullable field '_savingPanel' must contain a non-null value when exiting constructor. Consider adding the 'required' modifier or declaring the field as nullable. [C:\Users\almamun\Documents\GitHub\New folder\SensePC.Desktop\SensePC.Desktop.WinUI\SensePC.Desktop.WinUI.csproj]
C:\Users\almamun\Documents\GitHub\New folder\SensePC.Desktop\SensePC.Desktop.WinUI\Views\Dialogs\AssignUserDialog.xaml.cs(33,16): warning CS8618: Non-nullable field '_emptyStateText' must contain a non-null value when exiting constructor. Consider adding the 'required' modifier or declaring the field as nullable. [C:\Users\almamun\Documents\GitHub\New folder\SensePC.Desktop\SensePC.Desktop.WinUI\SensePC.Desktop.WinUI.csproj]
C:\Users\almamun\Documents\GitHub\New folder\SensePC.Desktop\SensePC.Desktop.WinUI\Views\Dialogs\AssignUserDialog.xaml.cs(33,16): warning CS8618: Non-nullable field '_errorText' must contain a non-null value when exiting constructor. Consider adding the 'required' modifier or declaring the field as nullable. [C:\Users\almamun\Documents\GitHub\New folder\SensePC.Desktop\SensePC.Desktop.WinUI\SensePC.Desktop.WinUI.csproj]
C:\Users\almamun\Documents\GitHub\New folder\SensePC.Desktop\SensePC.Desktop.WinUI\Views\Dialogs\DeletePCDialog.xaml.cs(26,16): warning CS8618: Non-nullable field '_confirmationTextBox' must contain a non-null value when exiting constructor. Consider adding the 'required' modifier or declaring the field as nullable. [C:\Users\almamun\Documents\GitHub\New folder\SensePC.Desktop\SensePC.Desktop.WinUI\SensePC.Desktop.WinUI.csproj]
C:\Users\almamun\Documents\GitHub\New folder\SensePC.Desktop\SensePC.Desktop.WinUI\Views\Dialogs\DeletePCDialog.xaml.cs(26,16): warning CS8618: Non-nullable field '_loadingPanel' must contain a non-null value when exiting constructor. Consider adding the 'required' modifier or declaring the field as nullable. [C:\Users\almamun\Documents\GitHub\New folder\SensePC.Desktop\SensePC.Desktop.WinUI\SensePC.Desktop.WinUI.csproj]
C:\Users\almamun\Documents\GitHub\New folder\SensePC.Desktop\SensePC.Desktop.WinUI\Views\Dialogs\DeletePCDialog.xaml.cs(26,16): warning CS8618: Non-nullable field '_errorText' must contain a non-null value when exiting constructor. Consider adding the 'required' modifier or declaring the field as nullable. [C:\Users\almamun\Documents\GitHub\New folder\SensePC.Desktop\SensePC.Desktop.WinUI\SensePC.Desktop.WinUI.csproj]
C:\Users\almamun\Documents\GitHub\New folder\SensePC.Desktop\SensePC.Desktop.WinUI\Views\Dialogs\ScheduleDialog.xaml.cs(30,16): warning CS8618: Non-nullable field '_enableToggle' must contain a non-null value when exiting constructor. Consider adding the 'required' modifier or declaring the field as nullable. [C:\Users\almamun\Documents\GitHub\New folder\SensePC.Desktop\SensePC.Desktop.WinUI\SensePC.Desktop.WinUI.csproj]
C:\Users\almamun\Documents\GitHub\New folder\SensePC.Desktop\SensePC.Desktop.WinUI\Views\Dialogs\ScheduleDialog.xaml.cs(30,16): warning CS8618: Non-nullable field '_scheduleContent' must contain a non-null value when exiting constructor. Consider adding the 'required' modifier or declaring the field as nullable. [C:\Users\almamun\Documents\GitHub\New folder\SensePC.Desktop\SensePC.Desktop.WinUI\SensePC.Desktop.WinUI.csproj]
C:\Users\almamun\Documents\GitHub\New folder\SensePC.Desktop\SensePC.Desktop.WinUI\Views\Dialogs\ScheduleDialog.xaml.cs(30,16): warning CS8618: Non-nullable field '_frequencyCombo' must contain a non-null value when exiting constructor. Consider adding the 'required' modifier or declaring the field as nullable. [C:\Users\almamun\Documents\GitHub\New folder\SensePC.Desktop\SensePC.Desktop.WinUI\SensePC.Desktop.WinUI.csproj]
C:\Users\almamun\Documents\GitHub\New folder\SensePC.Desktop\SensePC.Desktop.WinUI\Views\Dialogs\ScheduleDialog.xaml.cs(30,16): warning CS8618: Non-nullable field '_timeZoneCombo' must contain a non-null value when exiting constructor. Consider adding the 'required' modifier or declaring the field as nullable. [C:\Users\almamun\Documents\GitHub\New folder\SensePC.Desktop\SensePC.Desktop.WinUI\SensePC.Desktop.WinUI.csproj]
C:\Users\almamun\Documents\GitHub\New folder\SensePC.Desktop\SensePC.Desktop.WinUI\Views\Dialogs\ScheduleDialog.xaml.cs(30,16): warning CS8618: Non-nullable field '_startTimePicker' must contain a non-null value when exiting constructor. Consider adding the 'required' modifier or declaring the field as nullable. [C:\Users\almamun\Documents\GitHub\New folder\SensePC.Desktop\SensePC.Desktop.WinUI\SensePC.Desktop.WinUI.csproj]
C:\Users\almamun\Documents\GitHub\New folder\SensePC.Desktop\SensePC.Desktop.WinUI\Views\Dialogs\ScheduleDialog.xaml.cs(30,16): warning CS8618: Non-nullable field '_stopTimePicker' must contain a non-null value when exiting constructor. Consider adding the 'required' modifier or declaring the field as nullable. [C:\Users\almamun\Documents\GitHub\New folder\SensePC.Desktop\SensePC.Desktop.WinUI\SensePC.Desktop.WinUI.csproj]
C:\Users\almamun\Documents\GitHub\New folder\SensePC.Desktop\SensePC.Desktop.WinUI\Views\Dialogs\ScheduleDialog.xaml.cs(30,16): warning CS8618: Non-nullable field '_loadingPanel' must contain a non-null value when exiting constructor. Consider adding the 'required' modifier or declaring the field as nullable. [C:\Users\almamun\Documents\GitHub\New folder\SensePC.Desktop\SensePC.Desktop.WinUI\SensePC.Desktop.WinUI.csproj]
C:\Users\almamun\Documents\GitHub\New folder\SensePC.Desktop\SensePC.Desktop.WinUI\Views\Dialogs\ScheduleDialog.xaml.cs(30,16): warning CS8618: Non-nullable field '_errorText' must contain a non-null value when exiting constructor. Consider adding the 'required' modifier or declaring the field as nullable. [C:\Users\almamun\Documents\GitHub\New folder\SensePC.Desktop\SensePC.Desktop.WinUI\SensePC.Desktop.WinUI.csproj]
C:\Users\almamun\Documents\GitHub\New folder\SensePC.Desktop\SensePC.Desktop.WinUI\Views\Dialogs\IdleSettingsDialog.xaml.cs(27,16): warning CS8618: Non-nullable field '_enableToggle' must contain a non-null value when exiting constructor. Consider adding the 'required' modifier or declaring the field as nullable. [C:\Users\almamun\Documents\GitHub\New folder\SensePC.Desktop\SensePC.Desktop.WinUI\SensePC.Desktop.WinUI.csproj]
C:\Users\almamun\Documents\GitHub\New folder\SensePC.Desktop\SensePC.Desktop.WinUI\Views\Dialogs\IdleSettingsDialog.xaml.cs(27,16): warning CS8618: Non-nullable field '_timeoutContent' must contain a non-null value when exiting constructor. Consider adding the 'required' modifier or declaring the field as nullable. [C:\Users\almamun\Documents\GitHub\New folder\SensePC.Desktop\SensePC.Desktop.WinUI\SensePC.Desktop.WinUI.csproj]
C:\Users\almamun\Documents\GitHub\New folder\SensePC.Desktop\SensePC.Desktop.WinUI\Views\Dialogs\IdleSettingsDialog.xaml.cs(27,16): warning CS8618: Non-nullable field '_timeoutRadios' must contain a non-null value when exiting constructor. Consider adding the 'required' modifier or declaring the field as nullable. [C:\Users\almamun\Documents\GitHub\New folder\SensePC.Desktop\SensePC.Desktop.WinUI\SensePC.Desktop.WinUI.csproj]
C:\Users\almamun\Documents\GitHub\New folder\SensePC.Desktop\SensePC.Desktop.WinUI\Views\Dialogs\IdleSettingsDialog.xaml.cs(27,16): warning CS8618: Non-nullable field '_loadingPanel' must contain a non-null value when exiting constructor. Consider adding the 'required' modifier or declaring the field as nullable. [C:\Users\almamun\Documents\GitHub\New folder\SensePC.Desktop\SensePC.Desktop.WinUI\SensePC.Desktop.WinUI.csproj]
C:\Users\almamun\Documents\GitHub\New folder\SensePC.Desktop\SensePC.Desktop.WinUI\Views\Dialogs\IdleSettingsDialog.xaml.cs(27,16): warning CS8618: Non-nullable field '_errorText' must contain a non-null value when exiting constructor. Consider adding the 'required' modifier or declaring the field as nullable. [C:\Users\almamun\Documents\GitHub\New folder\SensePC.Desktop\SensePC.Desktop.WinUI\SensePC.Desktop.WinUI.csproj]
C:\Users\almamun\Documents\GitHub\New folder\SensePC.Desktop\SensePC.Desktop.WinUI\Views\Dialogs\PCResizeDialog.xaml.cs(38,16): warning CS8618: Non-nullable field '_configListView' must contain a non-null value when exiting constructor. Consider adding the 'required' modifier or declaring the field as nullable. [C:\Users\almamun\Documents\GitHub\New folder\SensePC.Desktop\SensePC.Desktop.WinUI\SensePC.Desktop.WinUI.csproj]
C:\Users\almamun\Documents\GitHub\New folder\SensePC.Desktop\SensePC.Desktop.WinUI\Views\Dialogs\PCResizeDialog.xaml.cs(38,16): warning CS8618: Non-nullable field '_loadingPanel' must contain a non-null value when exiting constructor. Consider adding the 'required' modifier or declaring the field as nullable. [C:\Users\almamun\Documents\GitHub\New folder\SensePC.Desktop\SensePC.Desktop.WinUI\SensePC.Desktop.WinUI.csproj]
C:\Users\almamun\Documents\GitHub\New folder\SensePC.Desktop\SensePC.Desktop.WinUI\Views\Dialogs\PCResizeDialog.xaml.cs(38,16): warning CS8618: Non-nullable field '_errorText' must contain a non-null value when exiting constructor. Consider adding the 'required' modifier or declaring the field as nullable. [C:\Users\almamun\Documents\GitHub\New folder\SensePC.Desktop\SensePC.Desktop.WinUI\SensePC.Desktop.WinUI.csproj]
C:\Users\almamun\Documents\GitHub\New folder\SensePC.Desktop\SensePC.Desktop.WinUI\Views\Dialogs\RebootConfirmationDialog.xaml.cs(24,16): warning CS8618: Non-nullable field '_loadingPanel' must contain a non-null value when exiting constructor. Consider adding the 'required' modifier or declaring the field as nullable. [C:\Users\almamun\Documents\GitHub\New folder\SensePC.Desktop\SensePC.Desktop.WinUI\SensePC.Desktop.WinUI.csproj]
C:\Users\almamun\Documents\GitHub\New folder\SensePC.Desktop\SensePC.Desktop.WinUI\Views\Dialogs\RebootConfirmationDialog.xaml.cs(24,16): warning CS8618: Non-nullable field '_errorText' must contain a non-null value when exiting constructor. Consider adding the 'required' modifier or declaring the field as nullable. [C:\Users\almamun\Documents\GitHub\New folder\SensePC.Desktop\SensePC.Desktop.WinUI\SensePC.Desktop.WinUI.csproj]
C:\Users\almamun\Documents\GitHub\New folder\SensePC.Desktop\SensePC.Desktop.WinUI\Views\SensePCDetailsPage.xaml.cs(61,41): warning CS8602: Dereference of a possibly null reference. [C:\Users\almamun\Documents\GitHub\New folder\SensePC.Desktop\SensePC.Desktop.WinUI\SensePC.Desktop.WinUI.csproj]
C:\Users\almamun\Documents\GitHub\New folder\SensePC.Desktop\SensePC.Desktop.WinUI\Views\Dialogs\AssignUserDialog.xaml.cs(193,40): warning CS8604: Possible null reference argument for parameter 'name' in 'string AssignUserDialog.GetInitials(string name)'. [C:\Users\almamun\Documents\GitHub\New folder\SensePC.Desktop\SensePC.Desktop.WinUI\SensePC.Desktop.WinUI.csproj]
C:\Users\almamun\Documents\GitHub\New folder\SensePC.Desktop\SensePC.Desktop.WinUI\Views\Dialogs\DeletePCDialog.xaml.cs(168,79): warning CS8604: Possible null reference argument for parameter 'region' in 'Task<bool> SensePCApiService.DeleteVMAsync(string instanceId, string region)'. [C:\Users\almamun\Documents\GitHub\New folder\SensePC.Desktop\SensePC.Desktop.WinUI\SensePC.Desktop.WinUI.csproj]
C:\Users\almamun\Documents\GitHub\New folder\SensePC.Desktop\SensePC.Desktop.WinUI\Services\CognitoAuthService.cs(104,39): warning CS0168: The variable 'ex' is declared but never used [C:\Users\almamun\Documents\GitHub\New folder\SensePC.Desktop\SensePC.Desktop.WinUI\SensePC.Desktop.WinUI.csproj]
C:\Users\almamun\Documents\GitHub\New folder\SensePC.Desktop\SensePC.Desktop.WinUI\Services\CognitoAuthService.cs(155,41): warning CS0168: The variable 'ex' is declared but never used [C:\Users\almamun\Documents\GitHub\New folder\SensePC.Desktop\SensePC.Desktop.WinUI\SensePC.Desktop.WinUI.csproj]
C:\Users\almamun\Documents\GitHub\New folder\SensePC.Desktop\SensePC.Desktop.WinUI\Views\SupportPage.xaml.cs(57,55): warning CS8604: Possible null reference argument for parameter 'dateStr' in 'string SupportPage.FormatDate(string dateStr)'. [C:\Users\almamun\Documents\GitHub\New folder\SensePC.Desktop\SensePC.Desktop.WinUI\SensePC.Desktop.WinUI.csproj]
C:\Users\almamun\Documents\GitHub\New folder\SensePC.Desktop\SensePC.Desktop.WinUI\Views\SensePCDetailsPage.xaml.cs(182,35): warning CS8622: Nullability of reference types in type of parameter 'sender' of 'void SensePCDetailsPage.MetricsTimer_Tick(object sender, object e)' doesn't match the target delegate 'EventHandler<object>' (possibly because of nullability attributes). [C:\Users\almamun\Documents\GitHub\New folder\SensePC.Desktop\SensePC.Desktop.WinUI\SensePC.Desktop.WinUI.csproj]
C:\Users\almamun\Documents\GitHub\New folder\SensePC.Desktop\SensePC.Desktop.WinUI\Views\SensePCDetailsPage.xaml.cs(197,41): warning CS8602: Dereference of a possibly null reference. [C:\Users\almamun\Documents\GitHub\New folder\SensePC.Desktop\SensePC.Desktop.WinUI\SensePC.Desktop.WinUI.csproj]
C:\Users\almamun\Documents\GitHub\New folder\SensePC.Desktop\SensePC.Desktop.WinUI\Views\SensePCDetailsPage.xaml.cs(225,36): warning CS8602: Dereference of a possibly null reference. [C:\Users\almamun\Documents\GitHub\New folder\SensePC.Desktop\SensePC.Desktop.WinUI\SensePC.Desktop.WinUI.csproj]
C:\Users\almamun\Documents\GitHub\New folder\SensePC.Desktop\SensePC.Desktop.WinUI\Views\SensePCDetailsPage.xaml.cs(259,40): warning CS8602: Dereference of a possibly null reference. [C:\Users\almamun\Documents\GitHub\New folder\SensePC.Desktop\SensePC.Desktop.WinUI\SensePC.Desktop.WinUI.csproj]
C:\Users\almamun\Documents\GitHub\New folder\SensePC.Desktop\SensePC.Desktop.WinUI\Views\SensePCDetailsPage.xaml.cs(268,40): warning CS8602: Dereference of a possibly null reference. [C:\Users\almamun\Documents\GitHub\New folder\SensePC.Desktop\SensePC.Desktop.WinUI\SensePC.Desktop.WinUI.csproj]
C:\Users\almamun\Documents\GitHub\New folder\SensePC.Desktop\SensePC.Desktop.WinUI\Views\SensePCDetailsPage.xaml.cs(304,27): warning CS8602: Dereference of a possibly null reference. [C:\Users\almamun\Documents\GitHub\New folder\SensePC.Desktop\SensePC.Desktop.WinUI\SensePC.Desktop.WinUI.csproj]
C:\Users\almamun\Documents\GitHub\New folder\SensePC.Desktop\SensePC.Desktop.WinUI\Views\BillingPage.xaml.cs(311,40): warning CS8625: Cannot convert null literal to non-nullable reference type. [C:\Users\almamun\Documents\GitHub\New folder\SensePC.Desktop\SensePC.Desktop.WinUI\SensePC.Desktop.WinUI.csproj]
C:\Users\almamun\Documents\GitHub\New folder\SensePC.Desktop\SensePC.Desktop.WinUI\Views\BillingPage.xaml.cs(311,46): warning CS8625: Cannot convert null literal to non-nullable reference type. [C:\Users\almamun\Documents\GitHub\New folder\SensePC.Desktop\SensePC.Desktop.WinUI\SensePC.Desktop.WinUI.csproj]
C:\Users\almamun\Documents\GitHub\New folder\SensePC.Desktop\SensePC.Desktop.WinUI\Views\SensePCDetailsPage.xaml.cs(400,27): warning CS8602: Dereference of a possibly null reference. [C:\Users\almamun\Documents\GitHub\New folder\SensePC.Desktop\SensePC.Desktop.WinUI\SensePC.Desktop.WinUI.csproj]
C:\Users\almamun\Documents\GitHub\New folder\SensePC.Desktop\SensePC.Desktop.WinUI\Views\SensePCDetailsPage.xaml.cs(444,41): warning CS8602: Dereference of a possibly null reference. [C:\Users\almamun\Documents\GitHub\New folder\SensePC.Desktop\SensePC.Desktop.WinUI\SensePC.Desktop.WinUI.csproj]
C:\Users\almamun\Documents\GitHub\New folder\SensePC.Desktop\SensePC.Desktop.WinUI\Views\SupportPage.xaml.cs(298,36): warning CS8600: Converting null literal or possible null value to non-nullable type. [C:\Users\almamun\Documents\GitHub\New folder\SensePC.Desktop\SensePC.Desktop.WinUI\SensePC.Desktop.WinUI.csproj]
C:\Users\almamun\Documents\GitHub\New folder\SensePC.Desktop\SensePC.Desktop.WinUI\Services\CognitoAuthService.cs(104,39): warning CS0168: The variable 'ex' is declared but never used [C:\Users\almamun\Documents\GitHub\New folder\SensePC.Desktop\SensePC.Desktop.WinUI\SensePC.Desktop.WinUI.csproj]
C:\Users\almamun\Documents\GitHub\New folder\SensePC.Desktop\SensePC.Desktop.WinUI\Views\Dialogs\StopConfirmationDialog.xaml.cs(24,16): warning CS8618: Non-nullable field '_loadingPanel' must contain a non-null value when exiting constructor. Consider adding the 'required' modifier or declaring the field as nullable. [C:\Users\almamun\Documents\GitHub\New folder\SensePC.Desktop\SensePC.Desktop.WinUI\SensePC.Desktop.WinUI.csproj]
C:\Users\almamun\Documents\GitHub\New folder\SensePC.Desktop\SensePC.Desktop.WinUI\Views\Dialogs\StopConfirmationDialog.xaml.cs(24,16): warning CS8618: Non-nullable field '_errorText' must contain a non-null value when exiting constructor. Consider adding the 'required' modifier or declaring the field as nullable. [C:\Users\almamun\Documents\GitHub\New folder\SensePC.Desktop\SensePC.Desktop.WinUI\SensePC.Desktop.WinUI.csproj]
C:\Users\almamun\Documents\GitHub\New folder\SensePC.Desktop\SensePC.Desktop.WinUI\ViewModels\DashboardViewModel.cs(11,20): warning CS8618: Non-nullable field 'name' must contain a non-null value when exiting constructor. Consider adding the 'required' modifier or declaring the field as nullable. [C:\Users\almamun\Documents\GitHub\New folder\SensePC.Desktop\SensePC.Desktop.WinUI\SensePC.Desktop.WinUI.csproj]
C:\Users\almamun\Documents\GitHub\New folder\SensePC.Desktop\SensePC.Desktop.WinUI\ViewModels\DashboardViewModel.cs(14,20): warning CS8618: Non-nullable field 'status' must contain a non-null value when exiting constructor. Consider adding the 'required' modifier or declaring the field as nullable. [C:\Users\almamun\Documents\GitHub\New folder\SensePC.Desktop\SensePC.Desktop.WinUI\SensePC.Desktop.WinUI.csproj]
C:\Users\almamun\Documents\GitHub\New folder\SensePC.Desktop\SensePC.Desktop.WinUI\ViewModels\DashboardViewModel.cs(17,20): warning CS8618: Non-nullable field 'specs' must contain a non-null value when exiting constructor. Consider adding the 'required' modifier or declaring the field as nullable. [C:\Users\almamun\Documents\GitHub\New folder\SensePC.Desktop\SensePC.Desktop.WinUI\SensePC.Desktop.WinUI.csproj]
C:\Users\almamun\Documents\GitHub\New folder\SensePC.Desktop\SensePC.Desktop.WinUI\ViewModels\DashboardViewModel.cs(20,20): warning CS8618: Non-nullable field 'connectionUrl' must contain a non-null value when exiting constructor. Consider adding the 'required' modifier or declaring the field as nullable. [C:\Users\almamun\Documents\GitHub\New folder\SensePC.Desktop\SensePC.Desktop.WinUI\SensePC.Desktop.WinUI.csproj]
C:\Users\almamun\Documents\GitHub\New folder\SensePC.Desktop\SensePC.Desktop.WinUI\Services\CognitoAuthService.cs(155,41): warning CS0168: The variable 'ex' is declared but never used [C:\Users\almamun\Documents\GitHub\New folder\SensePC.Desktop\SensePC.Desktop.WinUI\SensePC.Desktop.WinUI.csproj]
C:\Users\almamun\Documents\GitHub\New folder\SensePC.Desktop\SensePC.Desktop.WinUI\App.xaml.cs(15,30): warning CS8618: Non-nullable property 'MainWindow' must contain a non-null value when exiting constructor. Consider adding the 'required' modifier or declaring the property as nullable. [C:\Users\almamun\Documents\GitHub\New folder\SensePC.Desktop\SensePC.Desktop.WinUI\SensePC.Desktop.WinUI.csproj]
C:\Users\almamun\Documents\GitHub\New folder\SensePC.Desktop\SensePC.Desktop.WinUI\Views\Dialogs\ScheduleDialog.xaml.cs(30,16): warning CS8618: Non-nullable field '_enableToggle' must contain a non-null value when exiting constructor. Consider adding the 'required' modifier or declaring the field as nullable. [C:\Users\almamun\Documents\GitHub\New folder\SensePC.Desktop\SensePC.Desktop.WinUI\SensePC.Desktop.WinUI.csproj]
C:\Users\almamun\Documents\GitHub\New folder\SensePC.Desktop\SensePC.Desktop.WinUI\Views\Dialogs\ScheduleDialog.xaml.cs(30,16): warning CS8618: Non-nullable field '_scheduleContent' must contain a non-null value when exiting constructor. Consider adding the 'required' modifier or declaring the field as nullable. [C:\Users\almamun\Documents\GitHub\New folder\SensePC.Desktop\SensePC.Desktop.WinUI\SensePC.Desktop.WinUI.csproj]
C:\Users\almamun\Documents\GitHub\New folder\SensePC.Desktop\SensePC.Desktop.WinUI\Views\Dialogs\ScheduleDialog.xaml.cs(30,16): warning CS8618: Non-nullable field '_frequencyCombo' must contain a non-null value when exiting constructor. Consider adding the 'required' modifier or declaring the field as nullable. [C:\Users\almamun\Documents\GitHub\New folder\SensePC.Desktop\SensePC.Desktop.WinUI\SensePC.Desktop.WinUI.csproj]
C:\Users\almamun\Documents\GitHub\New folder\SensePC.Desktop\SensePC.Desktop.WinUI\Views\Dialogs\ScheduleDialog.xaml.cs(30,16): warning CS8618: Non-nullable field '_timeZoneCombo' must contain a non-null value when exiting constructor. Consider adding the 'required' modifier or declaring the field as nullable. [C:\Users\almamun\Documents\GitHub\New folder\SensePC.Desktop\SensePC.Desktop.WinUI\SensePC.Desktop.WinUI.csproj]
C:\Users\almamun\Documents\GitHub\New folder\SensePC.Desktop\SensePC.Desktop.WinUI\Views\Dialogs\ScheduleDialog.xaml.cs(30,16): warning CS8618: Non-nullable field '_startTimePicker' must contain a non-null value when exiting constructor. Consider adding the 'required' modifier or declaring the field as nullable. [C:\Users\almamun\Documents\GitHub\New folder\SensePC.Desktop\SensePC.Desktop.WinUI\SensePC.Desktop.WinUI.csproj]
C:\Users\almamun\Documents\GitHub\New folder\SensePC.Desktop\SensePC.Desktop.WinUI\Views\Dialogs\ScheduleDialog.xaml.cs(30,16): warning CS8618: Non-nullable field '_stopTimePicker' must contain a non-null value when exiting constructor. Consider adding the 'required' modifier or declaring the field as nullable. [C:\Users\almamun\Documents\GitHub\New folder\SensePC.Desktop\SensePC.Desktop.WinUI\SensePC.Desktop.WinUI.csproj]
C:\Users\almamun\Documents\GitHub\New folder\SensePC.Desktop\SensePC.Desktop.WinUI\Views\Dialogs\ScheduleDialog.xaml.cs(30,16): warning CS8618: Non-nullable field '_loadingPanel' must contain a non-null value when exiting constructor. Consider adding the 'required' modifier or declaring the field as nullable. [C:\Users\almamun\Documents\GitHub\New folder\SensePC.Desktop\SensePC.Desktop.WinUI\SensePC.Desktop.WinUI.csproj]
C:\Users\almamun\Documents\GitHub\New folder\SensePC.Desktop\SensePC.Desktop.WinUI\Views\Dialogs\ScheduleDialog.xaml.cs(30,16): warning CS8618: Non-nullable field '_errorText' must contain a non-null value when exiting constructor. Consider adding the 'required' modifier or declaring the field as nullable. [C:\Users\almamun\Documents\GitHub\New folder\SensePC.Desktop\SensePC.Desktop.WinUI\SensePC.Desktop.WinUI.csproj]
C:\Users\almamun\Documents\GitHub\New folder\SensePC.Desktop\SensePC.Desktop.WinUI\Views\Dialogs\AddVolumeDialog.xaml.cs(31,16): warning CS8618: Non-nullable field '_storageSizeCombo' must contain a non-null value when exiting constructor. Consider adding the 'required' modifier or declaring the field as nullable. [C:\Users\almamun\Documents\GitHub\New folder\SensePC.Desktop\SensePC.Desktop.WinUI\SensePC.Desktop.WinUI.csproj]
C:\Users\almamun\Documents\GitHub\New folder\SensePC.Desktop\SensePC.Desktop.WinUI\Views\Dialogs\AddVolumeDialog.xaml.cs(31,16): warning CS8618: Non-nullable field '_priceEstimateText' must contain a non-null value when exiting constructor. Consider adding the 'required' modifier or declaring the field as nullable. [C:\Users\almamun\Documents\GitHub\New folder\SensePC.Desktop\SensePC.Desktop.WinUI\SensePC.Desktop.WinUI.csproj]
C:\Users\almamun\Documents\GitHub\New folder\SensePC.Desktop\SensePC.Desktop.WinUI\Views\Dialogs\AddVolumeDialog.xaml.cs(31,16): warning CS8618: Non-nullable field '_loadingPanel' must contain a non-null value when exiting constructor. Consider adding the 'required' modifier or declaring the field as nullable. [C:\Users\almamun\Documents\GitHub\New folder\SensePC.Desktop\SensePC.Desktop.WinUI\SensePC.Desktop.WinUI.csproj]
C:\Users\almamun\Documents\GitHub\New folder\SensePC.Desktop\SensePC.Desktop.WinUI\Views\Dialogs\AddVolumeDialog.xaml.cs(31,16): warning CS8618: Non-nullable field '_errorText' must contain a non-null value when exiting constructor. Consider adding the 'required' modifier or declaring the field as nullable. [C:\Users\almamun\Documents\GitHub\New folder\SensePC.Desktop\SensePC.Desktop.WinUI\SensePC.Desktop.WinUI.csproj]
C:\Users\almamun\Documents\GitHub\New folder\SensePC.Desktop\SensePC.Desktop.WinUI\Views\Dialogs\AssignUserDialog.xaml.cs(33,16): warning CS8618: Non-nullable field '_teamMembersListView' must contain a non-null value when exiting constructor. Consider adding the 'required' modifier or declaring the field as nullable. [C:\Users\almamun\Documents\GitHub\New folder\SensePC.Desktop\SensePC.Desktop.WinUI\SensePC.Desktop.WinUI.csproj]
C:\Users\almamun\Documents\GitHub\New folder\SensePC.Desktop\SensePC.Desktop.WinUI\Views\Dialogs\AssignUserDialog.xaml.cs(33,16): warning CS8618: Non-nullable field '_loadingUsersPanel' must contain a non-null value when exiting constructor. Consider adding the 'required' modifier or declaring the field as nullable. [C:\Users\almamun\Documents\GitHub\New folder\SensePC.Desktop\SensePC.Desktop.WinUI\SensePC.Desktop.WinUI.csproj]
C:\Users\almamun\Documents\GitHub\New folder\SensePC.Desktop\SensePC.Desktop.WinUI\Views\Dialogs\AssignUserDialog.xaml.cs(33,16): warning CS8618: Non-nullable field '_savingPanel' must contain a non-null value when exiting constructor. Consider adding the 'required' modifier or declaring the field as nullable. [C:\Users\almamun\Documents\GitHub\New folder\SensePC.Desktop\SensePC.Desktop.WinUI\SensePC.Desktop.WinUI.csproj]
C:\Users\almamun\Documents\GitHub\New folder\SensePC.Desktop\SensePC.Desktop.WinUI\Views\Dialogs\AssignUserDialog.xaml.cs(33,16): warning CS8618: Non-nullable field '_emptyStateText' must contain a non-null value when exiting constructor. Consider adding the 'required' modifier or declaring the field as nullable. [C:\Users\almamun\Documents\GitHub\New folder\SensePC.Desktop\SensePC.Desktop.WinUI\SensePC.Desktop.WinUI.csproj]
C:\Users\almamun\Documents\GitHub\New folder\SensePC.Desktop\SensePC.Desktop.WinUI\Views\Dialogs\AssignUserDialog.xaml.cs(33,16): warning CS8618: Non-nullable field '_errorText' must contain a non-null value when exiting constructor. Consider adding the 'required' modifier or declaring the field as nullable. [C:\Users\almamun\Documents\GitHub\New folder\SensePC.Desktop\SensePC.Desktop.WinUI\SensePC.Desktop.WinUI.csproj]
C:\Users\almamun\Documents\GitHub\New folder\SensePC.Desktop\SensePC.Desktop.WinUI\Views\Dialogs\DeletePCDialog.xaml.cs(26,16): warning CS8618: Non-nullable field '_confirmationTextBox' must contain a non-null value when exiting constructor. Consider adding the 'required' modifier or declaring the field as nullable. [C:\Users\almamun\Documents\GitHub\New folder\SensePC.Desktop\SensePC.Desktop.WinUI\SensePC.Desktop.WinUI.csproj]
C:\Users\almamun\Documents\GitHub\New folder\SensePC.Desktop\SensePC.Desktop.WinUI\Views\Dialogs\DeletePCDialog.xaml.cs(26,16): warning CS8618: Non-nullable field '_loadingPanel' must contain a non-null value when exiting constructor. Consider adding the 'required' modifier or declaring the field as nullable. [C:\Users\almamun\Documents\GitHub\New folder\SensePC.Desktop\SensePC.Desktop.WinUI\SensePC.Desktop.WinUI.csproj]
C:\Users\almamun\Documents\GitHub\New folder\SensePC.Desktop\SensePC.Desktop.WinUI\Views\Dialogs\DeletePCDialog.xaml.cs(26,16): warning CS8618: Non-nullable field '_errorText' must contain a non-null value when exiting constructor. Consider adding the 'required' modifier or declaring the field as nullable. [C:\Users\almamun\Documents\GitHub\New folder\SensePC.Desktop\SensePC.Desktop.WinUI\SensePC.Desktop.WinUI.csproj]
C:\Users\almamun\Documents\GitHub\New folder\SensePC.Desktop\SensePC.Desktop.WinUI\Views\Dialogs\RebootConfirmationDialog.xaml.cs(24,16): warning CS8618: Non-nullable field '_loadingPanel' must contain a non-null value when exiting constructor. Consider adding the 'required' modifier or declaring the field as nullable. [C:\Users\almamun\Documents\GitHub\New folder\SensePC.Desktop\SensePC.Desktop.WinUI\SensePC.Desktop.WinUI.csproj]
C:\Users\almamun\Documents\GitHub\New folder\SensePC.Desktop\SensePC.Desktop.WinUI\Views\Dialogs\RebootConfirmationDialog.xaml.cs(24,16): warning CS8618: Non-nullable field '_errorText' must contain a non-null value when exiting constructor. Consider adding the 'required' modifier or declaring the field as nullable. [C:\Users\almamun\Documents\GitHub\New folder\SensePC.Desktop\SensePC.Desktop.WinUI\SensePC.Desktop.WinUI.csproj]
C:\Users\almamun\Documents\GitHub\New folder\SensePC.Desktop\SensePC.Desktop.WinUI\Views\Dialogs\PCResizeDialog.xaml.cs(38,16): warning CS8618: Non-nullable field '_configListView' must contain a non-null value when exiting constructor. Consider adding the 'required' modifier or declaring the field as nullable. [C:\Users\almamun\Documents\GitHub\New folder\SensePC.Desktop\SensePC.Desktop.WinUI\SensePC.Desktop.WinUI.csproj]
C:\Users\almamun\Documents\GitHub\New folder\SensePC.Desktop\SensePC.Desktop.WinUI\Views\Dialogs\PCResizeDialog.xaml.cs(38,16): warning CS8618: Non-nullable field '_loadingPanel' must contain a non-null value when exiting constructor. Consider adding the 'required' modifier or declaring the field as nullable. [C:\Users\almamun\Documents\GitHub\New folder\SensePC.Desktop\SensePC.Desktop.WinUI\SensePC.Desktop.WinUI.csproj]
C:\Users\almamun\Documents\GitHub\New folder\SensePC.Desktop\SensePC.Desktop.WinUI\Views\Dialogs\PCResizeDialog.xaml.cs(38,16): warning CS8618: Non-nullable field '_errorText' must contain a non-null value when exiting constructor. Consider adding the 'required' modifier or declaring the field as nullable. [C:\Users\almamun\Documents\GitHub\New folder\SensePC.Desktop\SensePC.Desktop.WinUI\SensePC.Desktop.WinUI.csproj]
C:\Users\almamun\Documents\GitHub\New folder\SensePC.Desktop\SensePC.Desktop.WinUI\Views\Dialogs\IdleSettingsDialog.xaml.cs(27,16): warning CS8618: Non-nullable field '_enableToggle' must contain a non-null value when exiting constructor. Consider adding the 'required' modifier or declaring the field as nullable. [C:\Users\almamun\Documents\GitHub\New folder\SensePC.Desktop\SensePC.Desktop.WinUI\SensePC.Desktop.WinUI.csproj]
C:\Users\almamun\Documents\GitHub\New folder\SensePC.Desktop\SensePC.Desktop.WinUI\Views\Dialogs\IdleSettingsDialog.xaml.cs(27,16): warning CS8618: Non-nullable field '_timeoutContent' must contain a non-null value when exiting constructor. Consider adding the 'required' modifier or declaring the field as nullable. [C:\Users\almamun\Documents\GitHub\New folder\SensePC.Desktop\SensePC.Desktop.WinUI\SensePC.Desktop.WinUI.csproj]
C:\Users\almamun\Documents\GitHub\New folder\SensePC.Desktop\SensePC.Desktop.WinUI\Views\Dialogs\IdleSettingsDialog.xaml.cs(27,16): warning CS8618: Non-nullable field '_timeoutRadios' must contain a non-null value when exiting constructor. Consider adding the 'required' modifier or declaring the field as nullable. [C:\Users\almamun\Documents\GitHub\New folder\SensePC.Desktop\SensePC.Desktop.WinUI\SensePC.Desktop.WinUI.csproj]
C:\Users\almamun\Documents\GitHub\New folder\SensePC.Desktop\SensePC.Desktop.WinUI\Views\Dialogs\IdleSettingsDialog.xaml.cs(27,16): warning CS8618: Non-nullable field '_loadingPanel' must contain a non-null value when exiting constructor. Consider adding the 'required' modifier or declaring the field as nullable. [C:\Users\almamun\Documents\GitHub\New folder\SensePC.Desktop\SensePC.Desktop.WinUI\SensePC.Desktop.WinUI.csproj]
C:\Users\almamun\Documents\GitHub\New folder\SensePC.Desktop\SensePC.Desktop.WinUI\Views\Dialogs\IdleSettingsDialog.xaml.cs(27,16): warning CS8618: Non-nullable field '_errorText' must contain a non-null value when exiting constructor. Consider adding the 'required' modifier or declaring the field as nullable. [C:\Users\almamun\Documents\GitHub\New folder\SensePC.Desktop\SensePC.Desktop.WinUI\SensePC.Desktop.WinUI.csproj]
C:\Users\almamun\Documents\GitHub\New folder\SensePC.Desktop\SensePC.Desktop.WinUI\Views\Dialogs\AssignUserDialog.xaml.cs(193,40): warning CS8604: Possible null reference argument for parameter 'name' in 'string AssignUserDialog.GetInitials(string name)'. [C:\Users\almamun\Documents\GitHub\New folder\SensePC.Desktop\SensePC.Desktop.WinUI\SensePC.Desktop.WinUI.csproj]
C:\Users\almamun\Documents\GitHub\New folder\SensePC.Desktop\SensePC.Desktop.WinUI\Views\SensePCDetailsPage.xaml.cs(61,41): warning CS8602: Dereference of a possibly null reference. [C:\Users\almamun\Documents\GitHub\New folder\SensePC.Desktop\SensePC.Desktop.WinUI\SensePC.Desktop.WinUI.csproj]
C:\Users\almamun\Documents\GitHub\New folder\SensePC.Desktop\SensePC.Desktop.WinUI\Views\Dialogs\DeletePCDialog.xaml.cs(168,79): warning CS8604: Possible null reference argument for parameter 'region' in 'Task<bool> SensePCApiService.DeleteVMAsync(string instanceId, string region)'. [C:\Users\almamun\Documents\GitHub\New folder\SensePC.Desktop\SensePC.Desktop.WinUI\SensePC.Desktop.WinUI.csproj]
C:\Users\almamun\Documents\GitHub\New folder\SensePC.Desktop\SensePC.Desktop.WinUI\Views\SensePCDetailsPage.xaml.cs(182,35): warning CS8622: Nullability of reference types in type of parameter 'sender' of 'void SensePCDetailsPage.MetricsTimer_Tick(object sender, object e)' doesn't match the target delegate 'EventHandler<object>' (possibly because of nullability attributes). [C:\Users\almamun\Documents\GitHub\New folder\SensePC.Desktop\SensePC.Desktop.WinUI\SensePC.Desktop.WinUI.csproj]
C:\Users\almamun\Documents\GitHub\New folder\SensePC.Desktop\SensePC.Desktop.WinUI\Views\BillingPage.xaml.cs(311,40): warning CS8625: Cannot convert null literal to non-nullable reference type. [C:\Users\almamun\Documents\GitHub\New folder\SensePC.Desktop\SensePC.Desktop.WinUI\SensePC.Desktop.WinUI.csproj]
C:\Users\almamun\Documents\GitHub\New folder\SensePC.Desktop\SensePC.Desktop.WinUI\Views\BillingPage.xaml.cs(311,46): warning CS8625: Cannot convert null literal to non-nullable reference type. [C:\Users\almamun\Documents\GitHub\New folder\SensePC.Desktop\SensePC.Desktop.WinUI\SensePC.Desktop.WinUI.csproj]
C:\Users\almamun\Documents\GitHub\New folder\SensePC.Desktop\SensePC.Desktop.WinUI\Views\SensePCDetailsPage.xaml.cs(197,41): warning CS8602: Dereference of a possibly null reference. [C:\Users\almamun\Documents\GitHub\New folder\SensePC.Desktop\SensePC.Desktop.WinUI\SensePC.Desktop.WinUI.csproj]
C:\Users\almamun\Documents\GitHub\New folder\SensePC.Desktop\SensePC.Desktop.WinUI\Views\SupportPage.xaml.cs(57,55): warning CS8604: Possible null reference argument for parameter 'dateStr' in 'string SupportPage.FormatDate(string dateStr)'. [C:\Users\almamun\Documents\GitHub\New folder\SensePC.Desktop\SensePC.Desktop.WinUI\SensePC.Desktop.WinUI.csproj]
C:\Users\almamun\Documents\GitHub\New folder\SensePC.Desktop\SensePC.Desktop.WinUI\Views\SensePCDetailsPage.xaml.cs(225,36): warning CS8602: Dereference of a possibly null reference. [C:\Users\almamun\Documents\GitHub\New folder\SensePC.Desktop\SensePC.Desktop.WinUI\SensePC.Desktop.WinUI.csproj]
C:\Users\almamun\Documents\GitHub\New folder\SensePC.Desktop\SensePC.Desktop.WinUI\Views\SensePCDetailsPage.xaml.cs(259,40): warning CS8602: Dereference of a possibly null reference. [C:\Users\almamun\Documents\GitHub\New folder\SensePC.Desktop\SensePC.Desktop.WinUI\SensePC.Desktop.WinUI.csproj]
C:\Users\almamun\Documents\GitHub\New folder\SensePC.Desktop\SensePC.Desktop.WinUI\Views\SensePCDetailsPage.xaml.cs(268,40): warning CS8602: Dereference of a possibly null reference. [C:\Users\almamun\Documents\GitHub\New folder\SensePC.Desktop\SensePC.Desktop.WinUI\SensePC.Desktop.WinUI.csproj]
C:\Users\almamun\Documents\GitHub\New folder\SensePC.Desktop\SensePC.Desktop.WinUI\Views\SensePCDetailsPage.xaml.cs(304,27): warning CS8602: Dereference of a possibly null reference. [C:\Users\almamun\Documents\GitHub\New folder\SensePC.Desktop\SensePC.Desktop.WinUI\SensePC.Desktop.WinUI.csproj]
C:\Users\almamun\Documents\GitHub\New folder\SensePC.Desktop\SensePC.Desktop.WinUI\Views\SensePCDetailsPage.xaml.cs(400,27): warning CS8602: Dereference of a possibly null reference. [C:\Users\almamun\Documents\GitHub\New folder\SensePC.Desktop\SensePC.Desktop.WinUI\SensePC.Desktop.WinUI.csproj]
C:\Users\almamun\Documents\GitHub\New folder\SensePC.Desktop\SensePC.Desktop.WinUI\Views\SensePCDetailsPage.xaml.cs(444,41): warning CS8602: Dereference of a possibly null reference. [C:\Users\almamun\Documents\GitHub\New folder\SensePC.Desktop\SensePC.Desktop.WinUI\SensePC.Desktop.WinUI.csproj]
C:\Users\almamun\Documents\GitHub\New folder\SensePC.Desktop\SensePC.Desktop.WinUI\Views\SupportPage.xaml.cs(298,36): warning CS8600: Converting null literal or possible null value to non-nullable type. [C:\Users\almamun\Documents\GitHub\New folder\SensePC.Desktop\SensePC.Desktop.WinUI\SensePC.Desktop.WinUI.csproj]
C:\Program Files\dotnet\sdk\10.0.101\Sdks\Microsoft.NET.Sdk\targets\Microsoft.NET.Sdk.targets(308,5): warning NETSDK1206: Found version-specific or distribution-specific runtime identifier(s): win10-arm64, win10-x64, win10-x86. Affected libraries: Microsoft.WindowsAppSDK. In .NET 8.0 and higher, assets for version-specific and distribution-specific runtime identifiers will not be found by default. See https://aka.ms/dotnet/rid-usage for details. [C:\Users\almamun\Documents\GitHub\New folder\SensePC.Desktop\SensePC.Desktop.WinUI\SensePC.Desktop.WinUI.csproj]
  SensePC.Desktop.WinUI -> C:\Users\almamun\Documents\GitHub\New folder\SensePC.Desktop\SensePC.Desktop.WinUI\bin\x64\Debug\net8.0-windows10.0.19041.0\SensePC.Desktop.WinUI.dll

Build succeeded.

C:\Users\almamun\Documents\GitHub\New folder\SensePC.Desktop\SensePC.Desktop.WinUI\ViewModels\DashboardViewModel.cs(11,20): warning CS8618: Non-nullable field 'name' must contain a non-null value when exiting constructor. Consider adding the 'required' modifier or declaring the field as nullable. [C:\Users\almamun\Documents\GitHub\New folder\SensePC.Desktop\SensePC.Desktop.WinUI\SensePC.Desktop.WinUI.csproj]
C:\Users\almamun\Documents\GitHub\New folder\SensePC.Desktop\SensePC.Desktop.WinUI\ViewModels\DashboardViewModel.cs(14,20): warning CS8618: Non-nullable field 'status' must contain a non-null value when exiting constructor. Consider adding the 'required' modifier or declaring the field as nullable. [C:\Users\almamun\Documents\GitHub\New folder\SensePC.Desktop\SensePC.Desktop.WinUI\SensePC.Desktop.WinUI.csproj]
C:\Users\almamun\Documents\GitHub\New folder\SensePC.Desktop\SensePC.Desktop.WinUI\ViewModels\DashboardViewModel.cs(17,20): warning CS8618: Non-nullable field 'specs' must contain a non-null value when exiting constructor. Consider adding the 'required' modifier or declaring the field as nullable. [C:\Users\almamun\Documents\GitHub\New folder\SensePC.Desktop\SensePC.Desktop.WinUI\SensePC.Desktop.WinUI.csproj]
C:\Users\almamun\Documents\GitHub\New folder\SensePC.Desktop\SensePC.Desktop.WinUI\ViewModels\DashboardViewModel.cs(20,20): warning CS8618: Non-nullable field 'connectionUrl' must contain a non-null value when exiting constructor. Consider adding the 'required' modifier or declaring the field as nullable. [C:\Users\almamun\Documents\GitHub\New folder\SensePC.Desktop\SensePC.Desktop.WinUI\SensePC.Desktop.WinUI.csproj]
C:\Users\almamun\Documents\GitHub\New folder\SensePC.Desktop\SensePC.Desktop.WinUI\Views\Dialogs\StopConfirmationDialog.xaml.cs(24,16): warning CS8618: Non-nullable field '_loadingPanel' must contain a non-null value when exiting constructor. Consider adding the 'required' modifier or declaring the field as nullable. [C:\Users\almamun\Documents\GitHub\New folder\SensePC.Desktop\SensePC.Desktop.WinUI\SensePC.Desktop.WinUI.csproj]
C:\Users\almamun\Documents\GitHub\New folder\SensePC.Desktop\SensePC.Desktop.WinUI\Views\Dialogs\StopConfirmationDialog.xaml.cs(24,16): warning CS8618: Non-nullable field '_errorText' must contain a non-null value when exiting constructor. Consider adding the 'required' modifier or declaring the field as nullable. [C:\Users\almamun\Documents\GitHub\New folder\SensePC.Desktop\SensePC.Desktop.WinUI\SensePC.Desktop.WinUI.csproj]
C:\Users\almamun\Documents\GitHub\New folder\SensePC.Desktop\SensePC.Desktop.WinUI\Views\Dialogs\AddVolumeDialog.xaml.cs(31,16): warning CS8618: Non-nullable field '_storageSizeCombo' must contain a non-null value when exiting constructor. Consider adding the 'required' modifier or declaring the field as nullable. [C:\Users\almamun\Documents\GitHub\New folder\SensePC.Desktop\SensePC.Desktop.WinUI\SensePC.Desktop.WinUI.csproj]
C:\Users\almamun\Documents\GitHub\New folder\SensePC.Desktop\SensePC.Desktop.WinUI\Views\Dialogs\AddVolumeDialog.xaml.cs(31,16): warning CS8618: Non-nullable field '_priceEstimateText' must contain a non-null value when exiting constructor. Consider adding the 'required' modifier or declaring the field as nullable. [C:\Users\almamun\Documents\GitHub\New folder\SensePC.Desktop\SensePC.Desktop.WinUI\SensePC.Desktop.WinUI.csproj]
C:\Users\almamun\Documents\GitHub\New folder\SensePC.Desktop\SensePC.Desktop.WinUI\Views\Dialogs\AddVolumeDialog.xaml.cs(31,16): warning CS8618: Non-nullable field '_loadingPanel' must contain a non-null value when exiting constructor. Consider adding the 'required' modifier or declaring the field as nullable. [C:\Users\almamun\Documents\GitHub\New folder\SensePC.Desktop\SensePC.Desktop.WinUI\SensePC.Desktop.WinUI.csproj]
C:\Users\almamun\Documents\GitHub\New folder\SensePC.Desktop\SensePC.Desktop.WinUI\Views\Dialogs\AddVolumeDialog.xaml.cs(31,16): warning CS8618: Non-nullable field '_errorText' must contain a non-null value when exiting constructor. Consider adding the 'required' modifier or declaring the field as nullable. [C:\Users\almamun\Documents\GitHub\New folder\SensePC.Desktop\SensePC.Desktop.WinUI\SensePC.Desktop.WinUI.csproj]
C:\Users\almamun\Documents\GitHub\New folder\SensePC.Desktop\SensePC.Desktop.WinUI\App.xaml.cs(15,30): warning CS8618: Non-nullable property 'MainWindow' must contain a non-null value when exiting constructor. Consider adding the 'required' modifier or declaring the property as nullable. [C:\Users\almamun\Documents\GitHub\New folder\SensePC.Desktop\SensePC.Desktop.WinUI\SensePC.Desktop.WinUI.csproj]
C:\Users\almamun\Documents\GitHub\New folder\SensePC.Desktop\SensePC.Desktop.WinUI\Views\Dialogs\AssignUserDialog.xaml.cs(33,16): warning CS8618: Non-nullable field '_teamMembersListView' must contain a non-null value when exiting constructor. Consider adding the 'required' modifier or declaring the field as nullable. [C:\Users\almamun\Documents\GitHub\New folder\SensePC.Desktop\SensePC.Desktop.WinUI\SensePC.Desktop.WinUI.csproj]
C:\Users\almamun\Documents\GitHub\New folder\SensePC.Desktop\SensePC.Desktop.WinUI\Views\Dialogs\AssignUserDialog.xaml.cs(33,16): warning CS8618: Non-nullable field '_loadingUsersPanel' must contain a non-null value when exiting constructor. Consider adding the 'required' modifier or declaring the field as nullable. [C:\Users\almamun\Documents\GitHub\New folder\SensePC.Desktop\SensePC.Desktop.WinUI\SensePC.Desktop.WinUI.csproj]
C:\Users\almamun\Documents\GitHub\New folder\SensePC.Desktop\SensePC.Desktop.WinUI\Views\Dialogs\AssignUserDialog.xaml.cs(33,16): warning CS8618: Non-nullable field '_savingPanel' must contain a non-null value when exiting constructor. Consider adding the 'required' modifier or declaring the field as nullable. [C:\Users\almamun\Documents\GitHub\New folder\SensePC.Desktop\SensePC.Desktop.WinUI\SensePC.Desktop.WinUI.csproj]
C:\Users\almamun\Documents\GitHub\New folder\SensePC.Desktop\SensePC.Desktop.WinUI\Views\Dialogs\AssignUserDialog.xaml.cs(33,16): warning CS8618: Non-nullable field '_emptyStateText' must contain a non-null value when exiting constructor. Consider adding the 'required' modifier or declaring the field as nullable. [C:\Users\almamun\Documents\GitHub\New folder\SensePC.Desktop\SensePC.Desktop.WinUI\SensePC.Desktop.WinUI.csproj]
C:\Users\almamun\Documents\GitHub\New folder\SensePC.Desktop\SensePC.Desktop.WinUI\Views\Dialogs\AssignUserDialog.xaml.cs(33,16): warning CS8618: Non-nullable field '_errorText' must contain a non-null value when exiting constructor. Consider adding the 'required' modifier or declaring the field as nullable. [C:\Users\almamun\Documents\GitHub\New folder\SensePC.Desktop\SensePC.Desktop.WinUI\SensePC.Desktop.WinUI.csproj]
C:\Users\almamun\Documents\GitHub\New folder\SensePC.Desktop\SensePC.Desktop.WinUI\Views\Dialogs\DeletePCDialog.xaml.cs(26,16): warning CS8618: Non-nullable field '_confirmationTextBox' must contain a non-null value when exiting constructor. Consider adding the 'required' modifier or declaring the field as nullable. [C:\Users\almamun\Documents\GitHub\New folder\SensePC.Desktop\SensePC.Desktop.WinUI\SensePC.Desktop.WinUI.csproj]
C:\Users\almamun\Documents\GitHub\New folder\SensePC.Desktop\SensePC.Desktop.WinUI\Views\Dialogs\DeletePCDialog.xaml.cs(26,16): warning CS8618: Non-nullable field '_loadingPanel' must contain a non-null value when exiting constructor. Consider adding the 'required' modifier or declaring the field as nullable. [C:\Users\almamun\Documents\GitHub\New folder\SensePC.Desktop\SensePC.Desktop.WinUI\SensePC.Desktop.WinUI.csproj]
C:\Users\almamun\Documents\GitHub\New folder\SensePC.Desktop\SensePC.Desktop.WinUI\Views\Dialogs\DeletePCDialog.xaml.cs(26,16): warning CS8618: Non-nullable field '_errorText' must contain a non-null value when exiting constructor. Consider adding the 'required' modifier or declaring the field as nullable. [C:\Users\almamun\Documents\GitHub\New folder\SensePC.Desktop\SensePC.Desktop.WinUI\SensePC.Desktop.WinUI.csproj]
C:\Users\almamun\Documents\GitHub\New folder\SensePC.Desktop\SensePC.Desktop.WinUI\Views\Dialogs\ScheduleDialog.xaml.cs(30,16): warning CS8618: Non-nullable field '_enableToggle' must contain a non-null value when exiting constructor. Consider adding the 'required' modifier or declaring the field as nullable. [C:\Users\almamun\Documents\GitHub\New folder\SensePC.Desktop\SensePC.Desktop.WinUI\SensePC.Desktop.WinUI.csproj]
C:\Users\almamun\Documents\GitHub\New folder\SensePC.Desktop\SensePC.Desktop.WinUI\Views\Dialogs\ScheduleDialog.xaml.cs(30,16): warning CS8618: Non-nullable field '_scheduleContent' must contain a non-null value when exiting constructor. Consider adding the 'required' modifier or declaring the field as nullable. [C:\Users\almamun\Documents\GitHub\New folder\SensePC.Desktop\SensePC.Desktop.WinUI\SensePC.Desktop.WinUI.csproj]
C:\Users\almamun\Documents\GitHub\New folder\SensePC.Desktop\SensePC.Desktop.WinUI\Views\Dialogs\ScheduleDialog.xaml.cs(30,16): warning CS8618: Non-nullable field '_frequencyCombo' must contain a non-null value when exiting constructor. Consider adding the 'required' modifier or declaring the field as nullable. [C:\Users\almamun\Documents\GitHub\New folder\SensePC.Desktop\SensePC.Desktop.WinUI\SensePC.Desktop.WinUI.csproj]
C:\Users\almamun\Documents\GitHub\New folder\SensePC.Desktop\SensePC.Desktop.WinUI\Views\Dialogs\ScheduleDialog.xaml.cs(30,16): warning CS8618: Non-nullable field '_timeZoneCombo' must contain a non-null value when exiting constructor. Consider adding the 'required' modifier or declaring the field as nullable. [C:\Users\almamun\Documents\GitHub\New folder\SensePC.Desktop\SensePC.Desktop.WinUI\SensePC.Desktop.WinUI.csproj]
C:\Users\almamun\Documents\GitHub\New folder\SensePC.Desktop\SensePC.Desktop.WinUI\Views\Dialogs\ScheduleDialog.xaml.cs(30,16): warning CS8618: Non-nullable field '_startTimePicker' must contain a non-null value when exiting constructor. Consider adding the 'required' modifier or declaring the field as nullable. [C:\Users\almamun\Documents\GitHub\New folder\SensePC.Desktop\SensePC.Desktop.WinUI\SensePC.Desktop.WinUI.csproj]
C:\Users\almamun\Documents\GitHub\New folder\SensePC.Desktop\SensePC.Desktop.WinUI\Views\Dialogs\ScheduleDialog.xaml.cs(30,16): warning CS8618: Non-nullable field '_stopTimePicker' must contain a non-null value when exiting constructor. Consider adding the 'required' modifier or declaring the field as nullable. [C:\Users\almamun\Documents\GitHub\New folder\SensePC.Desktop\SensePC.Desktop.WinUI\SensePC.Desktop.WinUI.csproj]
C:\Users\almamun\Documents\GitHub\New folder\SensePC.Desktop\SensePC.Desktop.WinUI\Views\Dialogs\ScheduleDialog.xaml.cs(30,16): warning CS8618: Non-nullable field '_loadingPanel' must contain a non-null value when exiting constructor. Consider adding the 'required' modifier or declaring the field as nullable. [C:\Users\almamun\Documents\GitHub\New folder\SensePC.Desktop\SensePC.Desktop.WinUI\SensePC.Desktop.WinUI.csproj]
C:\Users\almamun\Documents\GitHub\New folder\SensePC.Desktop\SensePC.Desktop.WinUI\Views\Dialogs\ScheduleDialog.xaml.cs(30,16): warning CS8618: Non-nullable field '_errorText' must contain a non-null value when exiting constructor. Consider adding the 'required' modifier or declaring the field as nullable. [C:\Users\almamun\Documents\GitHub\New folder\SensePC.Desktop\SensePC.Desktop.WinUI\SensePC.Desktop.WinUI.csproj]
C:\Users\almamun\Documents\GitHub\New folder\SensePC.Desktop\SensePC.Desktop.WinUI\Views\Dialogs\IdleSettingsDialog.xaml.cs(27,16): warning CS8618: Non-nullable field '_enableToggle' must contain a non-null value when exiting constructor. Consider adding the 'required' modifier or declaring the field as nullable. [C:\Users\almamun\Documents\GitHub\New folder\SensePC.Desktop\SensePC.Desktop.WinUI\SensePC.Desktop.WinUI.csproj]
C:\Users\almamun\Documents\GitHub\New folder\SensePC.Desktop\SensePC.Desktop.WinUI\Views\Dialogs\IdleSettingsDialog.xaml.cs(27,16): warning CS8618: Non-nullable field '_timeoutContent' must contain a non-null value when exiting constructor. Consider adding the 'required' modifier or declaring the field as nullable. [C:\Users\almamun\Documents\GitHub\New folder\SensePC.Desktop\SensePC.Desktop.WinUI\SensePC.Desktop.WinUI.csproj]
C:\Users\almamun\Documents\GitHub\New folder\SensePC.Desktop\SensePC.Desktop.WinUI\Views\Dialogs\IdleSettingsDialog.xaml.cs(27,16): warning CS8618: Non-nullable field '_timeoutRadios' must contain a non-null value when exiting constructor. Consider adding the 'required' modifier or declaring the field as nullable. [C:\Users\almamun\Documents\GitHub\New folder\SensePC.Desktop\SensePC.Desktop.WinUI\SensePC.Desktop.WinUI.csproj]
C:\Users\almamun\Documents\GitHub\New folder\SensePC.Desktop\SensePC.Desktop.WinUI\Views\Dialogs\IdleSettingsDialog.xaml.cs(27,16): warning CS8618: Non-nullable field '_loadingPanel' must contain a non-null value when exiting constructor. Consider adding the 'required' modifier or declaring the field as nullable. [C:\Users\almamun\Documents\GitHub\New folder\SensePC.Desktop\SensePC.Desktop.WinUI\SensePC.Desktop.WinUI.csproj]
C:\Users\almamun\Documents\GitHub\New folder\SensePC.Desktop\SensePC.Desktop.WinUI\Views\Dialogs\IdleSettingsDialog.xaml.cs(27,16): warning CS8618: Non-nullable field '_errorText' must contain a non-null value when exiting constructor. Consider adding the 'required' modifier or declaring the field as nullable. [C:\Users\almamun\Documents\GitHub\New folder\SensePC.Desktop\SensePC.Desktop.WinUI\SensePC.Desktop.WinUI.csproj]
C:\Users\almamun\Documents\GitHub\New folder\SensePC.Desktop\SensePC.Desktop.WinUI\Views\Dialogs\PCResizeDialog.xaml.cs(38,16): warning CS8618: Non-nullable field '_configListView' must contain a non-null value when exiting constructor. Consider adding the 'required' modifier or declaring the field as nullable. [C:\Users\almamun\Documents\GitHub\New folder\SensePC.Desktop\SensePC.Desktop.WinUI\SensePC.Desktop.WinUI.csproj]
C:\Users\almamun\Documents\GitHub\New folder\SensePC.Desktop\SensePC.Desktop.WinUI\Views\Dialogs\PCResizeDialog.xaml.cs(38,16): warning CS8618: Non-nullable field '_loadingPanel' must contain a non-null value when exiting constructor. Consider adding the 'required' modifier or declaring the field as nullable. [C:\Users\almamun\Documents\GitHub\New folder\SensePC.Desktop\SensePC.Desktop.WinUI\SensePC.Desktop.WinUI.csproj]
C:\Users\almamun\Documents\GitHub\New folder\SensePC.Desktop\SensePC.Desktop.WinUI\Views\Dialogs\PCResizeDialog.xaml.cs(38,16): warning CS8618: Non-nullable field '_errorText' must contain a non-null value when exiting constructor. Consider adding the 'required' modifier or declaring the field as nullable. [C:\Users\almamun\Documents\GitHub\New folder\SensePC.Desktop\SensePC.Desktop.WinUI\SensePC.Desktop.WinUI.csproj]
C:\Users\almamun\Documents\GitHub\New folder\SensePC.Desktop\SensePC.Desktop.WinUI\Views\Dialogs\RebootConfirmationDialog.xaml.cs(24,16): warning CS8618: Non-nullable field '_loadingPanel' must contain a non-null value when exiting constructor. Consider adding the 'required' modifier or declaring the field as nullable. [C:\Users\almamun\Documents\GitHub\New folder\SensePC.Desktop\SensePC.Desktop.WinUI\SensePC.Desktop.WinUI.csproj]
C:\Users\almamun\Documents\GitHub\New folder\SensePC.Desktop\SensePC.Desktop.WinUI\Views\Dialogs\RebootConfirmationDialog.xaml.cs(24,16): warning CS8618: Non-nullable field '_errorText' must contain a non-null value when exiting constructor. Consider adding the 'required' modifier or declaring the field as nullable. [C:\Users\almamun\Documents\GitHub\New folder\SensePC.Desktop\SensePC.Desktop.WinUI\SensePC.Desktop.WinUI.csproj]
C:\Users\almamun\Documents\GitHub\New folder\SensePC.Desktop\SensePC.Desktop.WinUI\Views\SensePCDetailsPage.xaml.cs(61,41): warning CS8602: Dereference of a possibly null reference. [C:\Users\almamun\Documents\GitHub\New folder\SensePC.Desktop\SensePC.Desktop.WinUI\SensePC.Desktop.WinUI.csproj]
C:\Users\almamun\Documents\GitHub\New folder\SensePC.Desktop\SensePC.Desktop.WinUI\Views\Dialogs\AssignUserDialog.xaml.cs(193,40): warning CS8604: Possible null reference argument for parameter 'name' in 'string AssignUserDialog.GetInitials(string name)'. [C:\Users\almamun\Documents\GitHub\New folder\SensePC.Desktop\SensePC.Desktop.WinUI\SensePC.Desktop.WinUI.csproj]
C:\Users\almamun\Documents\GitHub\New folder\SensePC.Desktop\SensePC.Desktop.WinUI\Views\Dialogs\DeletePCDialog.xaml.cs(168,79): warning CS8604: Possible null reference argument for parameter 'region' in 'Task<bool> SensePCApiService.DeleteVMAsync(string instanceId, string region)'. [C:\Users\almamun\Documents\GitHub\New folder\SensePC.Desktop\SensePC.Desktop.WinUI\SensePC.Desktop.WinUI.csproj]
C:\Users\almamun\Documents\GitHub\New folder\SensePC.Desktop\SensePC.Desktop.WinUI\Services\CognitoAuthService.cs(104,39): warning CS0168: The variable 'ex' is declared but never used [C:\Users\almamun\Documents\GitHub\New folder\SensePC.Desktop\SensePC.Desktop.WinUI\SensePC.Desktop.WinUI.csproj]
C:\Users\almamun\Documents\GitHub\New folder\SensePC.Desktop\SensePC.Desktop.WinUI\Services\CognitoAuthService.cs(155,41): warning CS0168: The variable 'ex' is declared but never used [C:\Users\almamun\Documents\GitHub\New folder\SensePC.Desktop\SensePC.Desktop.WinUI\SensePC.Desktop.WinUI.csproj]
C:\Users\almamun\Documents\GitHub\New folder\SensePC.Desktop\SensePC.Desktop.WinUI\Views\SupportPage.xaml.cs(57,55): warning CS8604: Possible null reference argument for parameter 'dateStr' in 'string SupportPage.FormatDate(string dateStr)'. [C:\Users\almamun\Documents\GitHub\New folder\SensePC.Desktop\SensePC.Desktop.WinUI\SensePC.Desktop.WinUI.csproj]
C:\Users\almamun\Documents\GitHub\New folder\SensePC.Desktop\SensePC.Desktop.WinUI\Views\SensePCDetailsPage.xaml.cs(182,35): warning CS8622: Nullability of reference types in type of parameter 'sender' of 'void SensePCDetailsPage.MetricsTimer_Tick(object sender, object e)' doesn't match the target delegate 'EventHandler<object>' (possibly because of nullability attributes). [C:\Users\almamun\Documents\GitHub\New folder\SensePC.Desktop\SensePC.Desktop.WinUI\SensePC.Desktop.WinUI.csproj]
C:\Users\almamun\Documents\GitHub\New folder\SensePC.Desktop\SensePC.Desktop.WinUI\Views\SensePCDetailsPage.xaml.cs(197,41): warning CS8602: Dereference of a possibly null reference. [C:\Users\almamun\Documents\GitHub\New folder\SensePC.Desktop\SensePC.Desktop.WinUI\SensePC.Desktop.WinUI.csproj]
C:\Users\almamun\Documents\GitHub\New folder\SensePC.Desktop\SensePC.Desktop.WinUI\Views\SensePCDetailsPage.xaml.cs(225,36): warning CS8602: Dereference of a possibly null reference. [C:\Users\almamun\Documents\GitHub\New folder\SensePC.Desktop\SensePC.Desktop.WinUI\SensePC.Desktop.WinUI.csproj]
C:\Users\almamun\Documents\GitHub\New folder\SensePC.Desktop\SensePC.Desktop.WinUI\Views\SensePCDetailsPage.xaml.cs(259,40): warning CS8602: Dereference of a possibly null reference. [C:\Users\almamun\Documents\GitHub\New folder\SensePC.Desktop\SensePC.Desktop.WinUI\SensePC.Desktop.WinUI.csproj]
C:\Users\almamun\Documents\GitHub\New folder\SensePC.Desktop\SensePC.Desktop.WinUI\Views\SensePCDetailsPage.xaml.cs(268,40): warning CS8602: Dereference of a possibly null reference. [C:\Users\almamun\Documents\GitHub\New folder\SensePC.Desktop\SensePC.Desktop.WinUI\SensePC.Desktop.WinUI.csproj]
C:\Users\almamun\Documents\GitHub\New folder\SensePC.Desktop\SensePC.Desktop.WinUI\Views\SensePCDetailsPage.xaml.cs(304,27): warning CS8602: Dereference of a possibly null reference. [C:\Users\almamun\Documents\GitHub\New folder\SensePC.Desktop\SensePC.Desktop.WinUI\SensePC.Desktop.WinUI.csproj]
C:\Users\almamun\Documents\GitHub\New folder\SensePC.Desktop\SensePC.Desktop.WinUI\Views\BillingPage.xaml.cs(311,40): warning CS8625: Cannot convert null literal to non-nullable reference type. [C:\Users\almamun\Documents\GitHub\New folder\SensePC.Desktop\SensePC.Desktop.WinUI\SensePC.Desktop.WinUI.csproj]
C:\Users\almamun\Documents\GitHub\New folder\SensePC.Desktop\SensePC.Desktop.WinUI\Views\BillingPage.xaml.cs(311,46): warning CS8625: Cannot convert null literal to non-nullable reference type. [C:\Users\almamun\Documents\GitHub\New folder\SensePC.Desktop\SensePC.Desktop.WinUI\SensePC.Desktop.WinUI.csproj]
C:\Users\almamun\Documents\GitHub\New folder\SensePC.Desktop\SensePC.Desktop.WinUI\Views\SensePCDetailsPage.xaml.cs(400,27): warning CS8602: Dereference of a possibly null reference. [C:\Users\almamun\Documents\GitHub\New folder\SensePC.Desktop\SensePC.Desktop.WinUI\SensePC.Desktop.WinUI.csproj]
C:\Users\almamun\Documents\GitHub\New folder\SensePC.Desktop\SensePC.Desktop.WinUI\Views\SensePCDetailsPage.xaml.cs(444,41): warning CS8602: Dereference of a possibly null reference. [C:\Users\almamun\Documents\GitHub\New folder\SensePC.Desktop\SensePC.Desktop.WinUI\SensePC.Desktop.WinUI.csproj]
C:\Users\almamun\Documents\GitHub\New folder\SensePC.Desktop\SensePC.Desktop.WinUI\Views\SupportPage.xaml.cs(298,36): warning CS8600: Converting null literal or possible null value to non-nullable type. [C:\Users\almamun\Documents\GitHub\New folder\SensePC.Desktop\SensePC.Desktop.WinUI\SensePC.Desktop.WinUI.csproj]
C:\Users\almamun\Documents\GitHub\New folder\SensePC.Desktop\SensePC.Desktop.WinUI\Services\CognitoAuthService.cs(104,39): warning CS0168: The variable 'ex' is declared but never used [C:\Users\almamun\Documents\GitHub\New folder\SensePC.Desktop\SensePC.Desktop.WinUI\SensePC.Desktop.WinUI.csproj]
C:\Users\almamun\Documents\GitHub\New folder\SensePC.Desktop\SensePC.Desktop.WinUI\Views\Dialogs\StopConfirmationDialog.xaml.cs(24,16): warning CS8618: Non-nullable field '_loadingPanel' must contain a non-null value when exiting constructor. Consider adding the 'required' modifier or declaring the field as nullable. [C:\Users\almamun\Documents\GitHub\New folder\SensePC.Desktop\SensePC.Desktop.WinUI\SensePC.Desktop.WinUI.csproj]
C:\Users\almamun\Documents\GitHub\New folder\SensePC.Desktop\SensePC.Desktop.WinUI\Views\Dialogs\StopConfirmationDialog.xaml.cs(24,16): warning CS8618: Non-nullable field '_errorText' must contain a non-null value when exiting constructor. Consider adding the 'required' modifier or declaring the field as nullable. [C:\Users\almamun\Documents\GitHub\New folder\SensePC.Desktop\SensePC.Desktop.WinUI\SensePC.Desktop.WinUI.csproj]
C:\Users\almamun\Documents\GitHub\New folder\SensePC.Desktop\SensePC.Desktop.WinUI\ViewModels\DashboardViewModel.cs(11,20): warning CS8618: Non-nullable field 'name' must contain a non-null value when exiting constructor. Consider adding the 'required' modifier or declaring the field as nullable. [C:\Users\almamun\Documents\GitHub\New folder\SensePC.Desktop\SensePC.Desktop.WinUI\SensePC.Desktop.WinUI.csproj]
C:\Users\almamun\Documents\GitHub\New folder\SensePC.Desktop\SensePC.Desktop.WinUI\ViewModels\DashboardViewModel.cs(14,20): warning CS8618: Non-nullable field 'status' must contain a non-null value when exiting constructor. Consider adding the 'required' modifier or declaring the field as nullable. [C:\Users\almamun\Documents\GitHub\New folder\SensePC.Desktop\SensePC.Desktop.WinUI\SensePC.Desktop.WinUI.csproj]
C:\Users\almamun\Documents\GitHub\New folder\SensePC.Desktop\SensePC.Desktop.WinUI\ViewModels\DashboardViewModel.cs(17,20): warning CS8618: Non-nullable field 'specs' must contain a non-null value when exiting constructor. Consider adding the 'required' modifier or declaring the field as nullable. [C:\Users\almamun\Documents\GitHub\New folder\SensePC.Desktop\SensePC.Desktop.WinUI\SensePC.Desktop.WinUI.csproj]
C:\Users\almamun\Documents\GitHub\New folder\SensePC.Desktop\SensePC.Desktop.WinUI\ViewModels\DashboardViewModel.cs(20,20): warning CS8618: Non-nullable field 'connectionUrl' must contain a non-null value when exiting constructor. Consider adding the 'required' modifier or declaring the field as nullable. [C:\Users\almamun\Documents\GitHub\New folder\SensePC.Desktop\SensePC.Desktop.WinUI\SensePC.Desktop.WinUI.csproj]
C:\Users\almamun\Documents\GitHub\New folder\SensePC.Desktop\SensePC.Desktop.WinUI\Services\CognitoAuthService.cs(155,41): warning CS0168: The variable 'ex' is declared but never used [C:\Users\almamun\Documents\GitHub\New folder\SensePC.Desktop\SensePC.Desktop.WinUI\SensePC.Desktop.WinUI.csproj]
C:\Users\almamun\Documents\GitHub\New folder\SensePC.Desktop\SensePC.Desktop.WinUI\App.xaml.cs(15,30): warning CS8618: Non-nullable property 'MainWindow' must contain a non-null value when exiting constructor. Consider adding the 'required' modifier or declaring the property as nullable. [C:\Users\almamun\Documents\GitHub\New folder\SensePC.Desktop\SensePC.Desktop.WinUI\SensePC.Desktop.WinUI.csproj]
C:\Users\almamun\Documents\GitHub\New folder\SensePC.Desktop\SensePC.Desktop.WinUI\Views\Dialogs\ScheduleDialog.xaml.cs(30,16): warning CS8618: Non-nullable field '_enableToggle' must contain a non-null value when exiting constructor. Consider adding the 'required' modifier or declaring the field as nullable. [C:\Users\almamun\Documents\GitHub\New folder\SensePC.Desktop\SensePC.Desktop.WinUI\SensePC.Desktop.WinUI.csproj]
C:\Users\almamun\Documents\GitHub\New folder\SensePC.Desktop\SensePC.Desktop.WinUI\Views\Dialogs\ScheduleDialog.xaml.cs(30,16): warning CS8618: Non-nullable field '_scheduleContent' must contain a non-null value when exiting constructor. Consider adding the 'required' modifier or declaring the field as nullable. [C:\Users\almamun\Documents\GitHub\New folder\SensePC.Desktop\SensePC.Desktop.WinUI\SensePC.Desktop.WinUI.csproj]
C:\Users\almamun\Documents\GitHub\New folder\SensePC.Desktop\SensePC.Desktop.WinUI\Views\Dialogs\ScheduleDialog.xaml.cs(30,16): warning CS8618: Non-nullable field '_frequencyCombo' must contain a non-null value when exiting constructor. Consider adding the 'required' modifier or declaring the field as nullable. [C:\Users\almamun\Documents\GitHub\New folder\SensePC.Desktop\SensePC.Desktop.WinUI\SensePC.Desktop.WinUI.csproj]
C:\Users\almamun\Documents\GitHub\New folder\SensePC.Desktop\SensePC.Desktop.WinUI\Views\Dialogs\ScheduleDialog.xaml.cs(30,16): warning CS8618: Non-nullable field '_timeZoneCombo' must contain a non-null value when exiting constructor. Consider adding the 'required' modifier or declaring the field as nullable. [C:\Users\almamun\Documents\GitHub\New folder\SensePC.Desktop\SensePC.Desktop.WinUI\SensePC.Desktop.WinUI.csproj]
C:\Users\almamun\Documents\GitHub\New folder\SensePC.Desktop\SensePC.Desktop.WinUI\Views\Dialogs\ScheduleDialog.xaml.cs(30,16): warning CS8618: Non-nullable field '_startTimePicker' must contain a non-null value when exiting constructor. Consider adding the 'required' modifier or declaring the field as nullable. [C:\Users\almamun\Documents\GitHub\New folder\SensePC.Desktop\SensePC.Desktop.WinUI\SensePC.Desktop.WinUI.csproj]
C:\Users\almamun\Documents\GitHub\New folder\SensePC.Desktop\SensePC.Desktop.WinUI\Views\Dialogs\ScheduleDialog.xaml.cs(30,16): warning CS8618: Non-nullable field '_stopTimePicker' must contain a non-null value when exiting constructor. Consider adding the 'required' modifier or declaring the field as nullable. [C:\Users\almamun\Documents\GitHub\New folder\SensePC.Desktop\SensePC.Desktop.WinUI\SensePC.Desktop.WinUI.csproj]
C:\Users\almamun\Documents\GitHub\New folder\SensePC.Desktop\SensePC.Desktop.WinUI\Views\Dialogs\ScheduleDialog.xaml.cs(30,16): warning CS8618: Non-nullable field '_loadingPanel' must contain a non-null value when exiting constructor. Consider adding the 'required' modifier or declaring the field as nullable. [C:\Users\almamun\Documents\GitHub\New folder\SensePC.Desktop\SensePC.Desktop.WinUI\SensePC.Desktop.WinUI.csproj]
C:\Users\almamun\Documents\GitHub\New folder\SensePC.Desktop\SensePC.Desktop.WinUI\Views\Dialogs\ScheduleDialog.xaml.cs(30,16): warning CS8618: Non-nullable field '_errorText' must contain a non-null value when exiting constructor. Consider adding the 'required' modifier or declaring the field as nullable. [C:\Users\almamun\Documents\GitHub\New folder\SensePC.Desktop\SensePC.Desktop.WinUI\SensePC.Desktop.WinUI.csproj]
C:\Users\almamun\Documents\GitHub\New folder\SensePC.Desktop\SensePC.Desktop.WinUI\Views\Dialogs\AddVolumeDialog.xaml.cs(31,16): warning CS8618: Non-nullable field '_storageSizeCombo' must contain a non-null value when exiting constructor. Consider adding the 'required' modifier or declaring the field as nullable. [C:\Users\almamun\Documents\GitHub\New folder\SensePC.Desktop\SensePC.Desktop.WinUI\SensePC.Desktop.WinUI.csproj]
C:\Users\almamun\Documents\GitHub\New folder\SensePC.Desktop\SensePC.Desktop.WinUI\Views\Dialogs\AddVolumeDialog.xaml.cs(31,16): warning CS8618: Non-nullable field '_priceEstimateText' must contain a non-null value when exiting constructor. Consider adding the 'required' modifier or declaring the field as nullable. [C:\Users\almamun\Documents\GitHub\New folder\SensePC.Desktop\SensePC.Desktop.WinUI\SensePC.Desktop.WinUI.csproj]
C:\Users\almamun\Documents\GitHub\New folder\SensePC.Desktop\SensePC.Desktop.WinUI\Views\Dialogs\AddVolumeDialog.xaml.cs(31,16): warning CS8618: Non-nullable field '_loadingPanel' must contain a non-null value when exiting constructor. Consider adding the 'required' modifier or declaring the field as nullable. [C:\Users\almamun\Documents\GitHub\New folder\SensePC.Desktop\SensePC.Desktop.WinUI\SensePC.Desktop.WinUI.csproj]
C:\Users\almamun\Documents\GitHub\New folder\SensePC.Desktop\SensePC.Desktop.WinUI\Views\Dialogs\AddVolumeDialog.xaml.cs(31,16): warning CS8618: Non-nullable field '_errorText' must contain a non-null value when exiting constructor. Consider adding the 'required' modifier or declaring the field as nullable. [C:\Users\almamun\Documents\GitHub\New folder\SensePC.Desktop\SensePC.Desktop.WinUI\SensePC.Desktop.WinUI.csproj]
C:\Users\almamun\Documents\GitHub\New folder\SensePC.Desktop\SensePC.Desktop.WinUI\Views\Dialogs\AssignUserDialog.xaml.cs(33,16): warning CS8618: Non-nullable field '_teamMembersListView' must contain a non-null value when exiting constructor. Consider adding the 'required' modifier or declaring the field as nullable. [C:\Users\almamun\Documents\GitHub\New folder\SensePC.Desktop\SensePC.Desktop.WinUI\SensePC.Desktop.WinUI.csproj]
C:\Users\almamun\Documents\GitHub\New folder\SensePC.Desktop\SensePC.Desktop.WinUI\Views\Dialogs\AssignUserDialog.xaml.cs(33,16): warning CS8618: Non-nullable field '_loadingUsersPanel' must contain a non-null value when exiting constructor. Consider adding the 'required' modifier or declaring the field as nullable. [C:\Users\almamun\Documents\GitHub\New folder\SensePC.Desktop\SensePC.Desktop.WinUI\SensePC.Desktop.WinUI.csproj]
C:\Users\almamun\Documents\GitHub\New folder\SensePC.Desktop\SensePC.Desktop.WinUI\Views\Dialogs\AssignUserDialog.xaml.cs(33,16): warning CS8618: Non-nullable field '_savingPanel' must contain a non-null value when exiting constructor. Consider adding the 'required' modifier or declaring the field as nullable. [C:\Users\almamun\Documents\GitHub\New folder\SensePC.Desktop\SensePC.Desktop.WinUI\SensePC.Desktop.WinUI.csproj]
C:\Users\almamun\Documents\GitHub\New folder\SensePC.Desktop\SensePC.Desktop.WinUI\Views\Dialogs\AssignUserDialog.xaml.cs(33,16): warning CS8618: Non-nullable field '_emptyStateText' must contain a non-null value when exiting constructor. Consider adding the 'required' modifier or declaring the field as nullable. [C:\Users\almamun\Documents\GitHub\New folder\SensePC.Desktop\SensePC.Desktop.WinUI\SensePC.Desktop.WinUI.csproj]
C:\Users\almamun\Documents\GitHub\New folder\SensePC.Desktop\SensePC.Desktop.WinUI\Views\Dialogs\AssignUserDialog.xaml.cs(33,16): warning CS8618: Non-nullable field '_errorText' must contain a non-null value when exiting constructor. Consider adding the 'required' modifier or declaring the field as nullable. [C:\Users\almamun\Documents\GitHub\New folder\SensePC.Desktop\SensePC.Desktop.WinUI\SensePC.Desktop.WinUI.csproj]
C:\Users\almamun\Documents\GitHub\New folder\SensePC.Desktop\SensePC.Desktop.WinUI\Views\Dialogs\DeletePCDialog.xaml.cs(26,16): warning CS8618: Non-nullable field '_confirmationTextBox' must contain a non-null value when exiting constructor. Consider adding the 'required' modifier or declaring the field as nullable. [C:\Users\almamun\Documents\GitHub\New folder\SensePC.Desktop\SensePC.Desktop.WinUI\SensePC.Desktop.WinUI.csproj]
C:\Users\almamun\Documents\GitHub\New folder\SensePC.Desktop\SensePC.Desktop.WinUI\Views\Dialogs\DeletePCDialog.xaml.cs(26,16): warning CS8618: Non-nullable field '_loadingPanel' must contain a non-null value when exiting constructor. Consider adding the 'required' modifier or declaring the field as nullable. [C:\Users\almamun\Documents\GitHub\New folder\SensePC.Desktop\SensePC.Desktop.WinUI\SensePC.Desktop.WinUI.csproj]
C:\Users\almamun\Documents\GitHub\New folder\SensePC.Desktop\SensePC.Desktop.WinUI\Views\Dialogs\DeletePCDialog.xaml.cs(26,16): warning CS8618: Non-nullable field '_errorText' must contain a non-null value when exiting constructor. Consider adding the 'required' modifier or declaring the field as nullable. [C:\Users\almamun\Documents\GitHub\New folder\SensePC.Desktop\SensePC.Desktop.WinUI\SensePC.Desktop.WinUI.csproj]
C:\Users\almamun\Documents\GitHub\New folder\SensePC.Desktop\SensePC.Desktop.WinUI\Views\Dialogs\RebootConfirmationDialog.xaml.cs(24,16): warning CS8618: Non-nullable field '_loadingPanel' must contain a non-null value when exiting constructor. Consider adding the 'required' modifier or declaring the field as nullable. [C:\Users\almamun\Documents\GitHub\New folder\SensePC.Desktop\SensePC.Desktop.WinUI\SensePC.Desktop.WinUI.csproj]
C:\Users\almamun\Documents\GitHub\New folder\SensePC.Desktop\SensePC.Desktop.WinUI\Views\Dialogs\RebootConfirmationDialog.xaml.cs(24,16): warning CS8618: Non-nullable field '_errorText' must contain a non-null value when exiting constructor. Consider adding the 'required' modifier or declaring the field as nullable. [C:\Users\almamun\Documents\GitHub\New folder\SensePC.Desktop\SensePC.Desktop.WinUI\SensePC.Desktop.WinUI.csproj]
C:\Users\almamun\Documents\GitHub\New folder\SensePC.Desktop\SensePC.Desktop.WinUI\Views\Dialogs\PCResizeDialog.xaml.cs(38,16): warning CS8618: Non-nullable field '_configListView' must contain a non-null value when exiting constructor. Consider adding the 'required' modifier or declaring the field as nullable. [C:\Users\almamun\Documents\GitHub\New folder\SensePC.Desktop\SensePC.Desktop.WinUI\SensePC.Desktop.WinUI.csproj]
C:\Users\almamun\Documents\GitHub\New folder\SensePC.Desktop\SensePC.Desktop.WinUI\Views\Dialogs\PCResizeDialog.xaml.cs(38,16): warning CS8618: Non-nullable field '_loadingPanel' must contain a non-null value when exiting constructor. Consider adding the 'required' modifier or declaring the field as nullable. [C:\Users\almamun\Documents\GitHub\New folder\SensePC.Desktop\SensePC.Desktop.WinUI\SensePC.Desktop.WinUI.csproj]
C:\Users\almamun\Documents\GitHub\New folder\SensePC.Desktop\SensePC.Desktop.WinUI\Views\Dialogs\PCResizeDialog.xaml.cs(38,16): warning CS8618: Non-nullable field '_errorText' must contain a non-null value when exiting constructor. Consider adding the 'required' modifier or declaring the field as nullable. [C:\Users\almamun\Documents\GitHub\New folder\SensePC.Desktop\SensePC.Desktop.WinUI\SensePC.Desktop.WinUI.csproj]
C:\Users\almamun\Documents\GitHub\New folder\SensePC.Desktop\SensePC.Desktop.WinUI\Views\Dialogs\IdleSettingsDialog.xaml.cs(27,16): warning CS8618: Non-nullable field '_enableToggle' must contain a non-null value when exiting constructor. Consider adding the 'required' modifier or declaring the field as nullable. [C:\Users\almamun\Documents\GitHub\New folder\SensePC.Desktop\SensePC.Desktop.WinUI\SensePC.Desktop.WinUI.csproj]
C:\Users\almamun\Documents\GitHub\New folder\SensePC.Desktop\SensePC.Desktop.WinUI\Views\Dialogs\IdleSettingsDialog.xaml.cs(27,16): warning CS8618: Non-nullable field '_timeoutContent' must contain a non-null value when exiting constructor. Consider adding the 'required' modifier or declaring the field as nullable. [C:\Users\almamun\Documents\GitHub\New folder\SensePC.Desktop\SensePC.Desktop.WinUI\SensePC.Desktop.WinUI.csproj]
C:\Users\almamun\Documents\GitHub\New folder\SensePC.Desktop\SensePC.Desktop.WinUI\Views\Dialogs\IdleSettingsDialog.xaml.cs(27,16): warning CS8618: Non-nullable field '_timeoutRadios' must contain a non-null value when exiting constructor. Consider adding the 'required' modifier or declaring the field as nullable. [C:\Users\almamun\Documents\GitHub\New folder\SensePC.Desktop\SensePC.Desktop.WinUI\SensePC.Desktop.WinUI.csproj]
C:\Users\almamun\Documents\GitHub\New folder\SensePC.Desktop\SensePC.Desktop.WinUI\Views\Dialogs\IdleSettingsDialog.xaml.cs(27,16): warning CS8618: Non-nullable field '_loadingPanel' must contain a non-null value when exiting constructor. Consider adding the 'required' modifier or declaring the field as nullable. [C:\Users\almamun\Documents\GitHub\New folder\SensePC.Desktop\SensePC.Desktop.WinUI\SensePC.Desktop.WinUI.csproj]
C:\Users\almamun\Documents\GitHub\New folder\SensePC.Desktop\SensePC.Desktop.WinUI\Views\Dialogs\IdleSettingsDialog.xaml.cs(27,16): warning CS8618: Non-nullable field '_errorText' must contain a non-null value when exiting constructor. Consider adding the 'required' modifier or declaring the field as nullable. [C:\Users\almamun\Documents\GitHub\New folder\SensePC.Desktop\SensePC.Desktop.WinUI\SensePC.Desktop.WinUI.csproj]
C:\Users\almamun\Documents\GitHub\New folder\SensePC.Desktop\SensePC.Desktop.WinUI\Views\Dialogs\AssignUserDialog.xaml.cs(193,40): warning CS8604: Possible null reference argument for parameter 'name' in 'string AssignUserDialog.GetInitials(string name)'. [C:\Users\almamun\Documents\GitHub\New folder\SensePC.Desktop\SensePC.Desktop.WinUI\SensePC.Desktop.WinUI.csproj]
C:\Users\almamun\Documents\GitHub\New folder\SensePC.Desktop\SensePC.Desktop.WinUI\Views\SensePCDetailsPage.xaml.cs(61,41): warning CS8602: Dereference of a possibly null reference. [C:\Users\almamun\Documents\GitHub\New folder\SensePC.Desktop\SensePC.Desktop.WinUI\SensePC.Desktop.WinUI.csproj]
C:\Users\almamun\Documents\GitHub\New folder\SensePC.Desktop\SensePC.Desktop.WinUI\Views\Dialogs\DeletePCDialog.xaml.cs(168,79): warning CS8604: Possible null reference argument for parameter 'region' in 'Task<bool> SensePCApiService.DeleteVMAsync(string instanceId, string region)'. [C:\Users\almamun\Documents\GitHub\New folder\SensePC.Desktop\SensePC.Desktop.WinUI\SensePC.Desktop.WinUI.csproj]
C:\Users\almamun\Documents\GitHub\New folder\SensePC.Desktop\SensePC.Desktop.WinUI\Views\SensePCDetailsPage.xaml.cs(182,35): warning CS8622: Nullability of reference types in type of parameter 'sender' of 'void SensePCDetailsPage.MetricsTimer_Tick(object sender, object e)' doesn't match the target delegate 'EventHandler<object>' (possibly because of nullability attributes). [C:\Users\almamun\Documents\GitHub\New folder\SensePC.Desktop\SensePC.Desktop.WinUI\SensePC.Desktop.WinUI.csproj]
C:\Users\almamun\Documents\GitHub\New folder\SensePC.Desktop\SensePC.Desktop.WinUI\Views\BillingPage.xaml.cs(311,40): warning CS8625: Cannot convert null literal to non-nullable reference type. [C:\Users\almamun\Documents\GitHub\New folder\SensePC.Desktop\SensePC.Desktop.WinUI\SensePC.Desktop.WinUI.csproj]
C:\Users\almamun\Documents\GitHub\New folder\SensePC.Desktop\SensePC.Desktop.WinUI\Views\BillingPage.xaml.cs(311,46): warning CS8625: Cannot convert null literal to non-nullable reference type. [C:\Users\almamun\Documents\GitHub\New folder\SensePC.Desktop\SensePC.Desktop.WinUI\SensePC.Desktop.WinUI.csproj]
C:\Users\almamun\Documents\GitHub\New folder\SensePC.Desktop\SensePC.Desktop.WinUI\Views\SensePCDetailsPage.xaml.cs(197,41): warning CS8602: Dereference of a possibly null reference. [C:\Users\almamun\Documents\GitHub\New folder\SensePC.Desktop\SensePC.Desktop.WinUI\SensePC.Desktop.WinUI.csproj]
C:\Users\almamun\Documents\GitHub\New folder\SensePC.Desktop\SensePC.Desktop.WinUI\Views\SupportPage.xaml.cs(57,55): warning CS8604: Possible null reference argument for parameter 'dateStr' in 'string SupportPage.FormatDate(string dateStr)'. [C:\Users\almamun\Documents\GitHub\New folder\SensePC.Desktop\SensePC.Desktop.WinUI\SensePC.Desktop.WinUI.csproj]
C:\Users\almamun\Documents\GitHub\New folder\SensePC.Desktop\SensePC.Desktop.WinUI\Views\SensePCDetailsPage.xaml.cs(225,36): warning CS8602: Dereference of a possibly null reference. [C:\Users\almamun\Documents\GitHub\New folder\SensePC.Desktop\SensePC.Desktop.WinUI\SensePC.Desktop.WinUI.csproj]
C:\Users\almamun\Documents\GitHub\New folder\SensePC.Desktop\SensePC.Desktop.WinUI\Views\SensePCDetailsPage.xaml.cs(259,40): warning CS8602: Dereference of a possibly null reference. [C:\Users\almamun\Documents\GitHub\New folder\SensePC.Desktop\SensePC.Desktop.WinUI\SensePC.Desktop.WinUI.csproj]
C:\Users\almamun\Documents\GitHub\New folder\SensePC.Desktop\SensePC.Desktop.WinUI\Views\SensePCDetailsPage.xaml.cs(268,40): warning CS8602: Dereference of a possibly null reference. [C:\Users\almamun\Documents\GitHub\New folder\SensePC.Desktop\SensePC.Desktop.WinUI\SensePC.Desktop.WinUI.csproj]
C:\Users\almamun\Documents\GitHub\New folder\SensePC.Desktop\SensePC.Desktop.WinUI\Views\SensePCDetailsPage.xaml.cs(304,27): warning CS8602: Dereference of a possibly null reference. [C:\Users\almamun\Documents\GitHub\New folder\SensePC.Desktop\SensePC.Desktop.WinUI\SensePC.Desktop.WinUI.csproj]
C:\Users\almamun\Documents\GitHub\New folder\SensePC.Desktop\SensePC.Desktop.WinUI\Views\SensePCDetailsPage.xaml.cs(400,27): warning CS8602: Dereference of a possibly null reference. [C:\Users\almamun\Documents\GitHub\New folder\SensePC.Desktop\SensePC.Desktop.WinUI\SensePC.Desktop.WinUI.csproj]
C:\Users\almamun\Documents\GitHub\New folder\SensePC.Desktop\SensePC.Desktop.WinUI\Views\SensePCDetailsPage.xaml.cs(444,41): warning CS8602: Dereference of a possibly null reference. [C:\Users\almamun\Documents\GitHub\New folder\SensePC.Desktop\SensePC.Desktop.WinUI\SensePC.Desktop.WinUI.csproj]
C:\Users\almamun\Documents\GitHub\New folder\SensePC.Desktop\SensePC.Desktop.WinUI\Views\SupportPage.xaml.cs(298,36): warning CS8600: Converting null literal or possible null value to non-nullable type. [C:\Users\almamun\Documents\GitHub\New folder\SensePC.Desktop\SensePC.Desktop.WinUI\SensePC.Desktop.WinUI.csproj]
C:\Program Files\dotnet\sdk\10.0.101\Sdks\Microsoft.NET.Sdk\targets\Microsoft.NET.Sdk.targets(308,5): warning NETSDK1206: Found version-specific or distribution-specific runtime identifier(s): win10-arm64, win10-x64, win10-x86. Affected libraries: Microsoft.WindowsAppSDK. In .NET 8.0 and higher, assets for version-specific and distribution-specific runtime identifiers will not be found by default. See https://aka.ms/dotnet/rid-usage for details. [C:\Users\almamun\Documents\GitHub\New folder\SensePC.Desktop\SensePC.Desktop.WinUI\SensePC.Desktop.WinUI.csproj]
    109 Warning(s)
    0 Error(s)

Time Elapsed 00:00:20.81
